Archive member included to satisfy reference by file (symbol)

/opt/st/stm32cubeide_1.3.0/plugins/com.st.stm32cube.ide.mcu.externaltools.gnu-tools-for-stm32.7-2018-q2-update.linux64_1.0.0.201904181610/tools/bin/../lib/gcc/arm-none-eabi/7.3.1/../../../../arm-none-eabi/lib/thumb/v7e-m/fpv4-sp/hard/libstdc++_nano.a(del_ops.o)
                              Core/Src/main.o (operator delete(void*, unsigned int))
/opt/st/stm32cubeide_1.3.0/plugins/com.st.stm32cube.ide.mcu.externaltools.gnu-tools-for-stm32.7-2018-q2-update.linux64_1.0.0.201904181610/tools/bin/../lib/gcc/arm-none-eabi/7.3.1/../../../../arm-none-eabi/lib/thumb/v7e-m/fpv4-sp/hard/libstdc++_nano.a(del_op.o)
                              /opt/st/stm32cubeide_1.3.0/plugins/com.st.stm32cube.ide.mcu.externaltools.gnu-tools-for-stm32.7-2018-q2-update.linux64_1.0.0.201904181610/tools/bin/../lib/gcc/arm-none-eabi/7.3.1/../../../../arm-none-eabi/lib/thumb/v7e-m/fpv4-sp/hard/libstdc++_nano.a(del_ops.o) (operator delete(void*))
/opt/st/stm32cubeide_1.3.0/plugins/com.st.stm32cube.ide.mcu.externaltools.gnu-tools-for-stm32.7-2018-q2-update.linux64_1.0.0.201904181610/tools/bin/../lib/gcc/arm-none-eabi/7.3.1/../../../../arm-none-eabi/lib/thumb/v7e-m/fpv4-sp/hard/libc_nano.a(lib_a-errno.o)
                              Core/Src/syscalls.o (__errno)
/opt/st/stm32cubeide_1.3.0/plugins/com.st.stm32cube.ide.mcu.externaltools.gnu-tools-for-stm32.7-2018-q2-update.linux64_1.0.0.201904181610/tools/bin/../lib/gcc/arm-none-eabi/7.3.1/../../../../arm-none-eabi/lib/thumb/v7e-m/fpv4-sp/hard/libc_nano.a(lib_a-exit.o)
                              /opt/st/stm32cubeide_1.3.0/plugins/com.st.stm32cube.ide.mcu.externaltools.gnu-tools-for-stm32.7-2018-q2-update.linux64_1.0.0.201904181610/tools/bin/../lib/gcc/arm-none-eabi/7.3.1/../../../../arm-none-eabi/lib/thumb/v7e-m/fpv4-sp/hard/crt0.o (exit)
/opt/st/stm32cubeide_1.3.0/plugins/com.st.stm32cube.ide.mcu.externaltools.gnu-tools-for-stm32.7-2018-q2-update.linux64_1.0.0.201904181610/tools/bin/../lib/gcc/arm-none-eabi/7.3.1/../../../../arm-none-eabi/lib/thumb/v7e-m/fpv4-sp/hard/libc_nano.a(lib_a-impure.o)
                              /opt/st/stm32cubeide_1.3.0/plugins/com.st.stm32cube.ide.mcu.externaltools.gnu-tools-for-stm32.7-2018-q2-update.linux64_1.0.0.201904181610/tools/bin/../lib/gcc/arm-none-eabi/7.3.1/../../../../arm-none-eabi/lib/thumb/v7e-m/fpv4-sp/hard/libc_nano.a(lib_a-exit.o) (_global_impure_ptr)
/opt/st/stm32cubeide_1.3.0/plugins/com.st.stm32cube.ide.mcu.externaltools.gnu-tools-for-stm32.7-2018-q2-update.linux64_1.0.0.201904181610/tools/bin/../lib/gcc/arm-none-eabi/7.3.1/../../../../arm-none-eabi/lib/thumb/v7e-m/fpv4-sp/hard/libc_nano.a(lib_a-init.o)
                              /opt/st/stm32cubeide_1.3.0/plugins/com.st.stm32cube.ide.mcu.externaltools.gnu-tools-for-stm32.7-2018-q2-update.linux64_1.0.0.201904181610/tools/bin/../lib/gcc/arm-none-eabi/7.3.1/../../../../arm-none-eabi/lib/thumb/v7e-m/fpv4-sp/hard/crt0.o (__libc_init_array)
/opt/st/stm32cubeide_1.3.0/plugins/com.st.stm32cube.ide.mcu.externaltools.gnu-tools-for-stm32.7-2018-q2-update.linux64_1.0.0.201904181610/tools/bin/../lib/gcc/arm-none-eabi/7.3.1/../../../../arm-none-eabi/lib/thumb/v7e-m/fpv4-sp/hard/libc_nano.a(lib_a-malloc.o)
                              /opt/st/stm32cubeide_1.3.0/plugins/com.st.stm32cube.ide.mcu.externaltools.gnu-tools-for-stm32.7-2018-q2-update.linux64_1.0.0.201904181610/tools/bin/../lib/gcc/arm-none-eabi/7.3.1/../../../../arm-none-eabi/lib/thumb/v7e-m/fpv4-sp/hard/libstdc++_nano.a(del_op.o) (free)
/opt/st/stm32cubeide_1.3.0/plugins/com.st.stm32cube.ide.mcu.externaltools.gnu-tools-for-stm32.7-2018-q2-update.linux64_1.0.0.201904181610/tools/bin/../lib/gcc/arm-none-eabi/7.3.1/../../../../arm-none-eabi/lib/thumb/v7e-m/fpv4-sp/hard/libc_nano.a(lib_a-memset.o)
                              /opt/st/stm32cubeide_1.3.0/plugins/com.st.stm32cube.ide.mcu.externaltools.gnu-tools-for-stm32.7-2018-q2-update.linux64_1.0.0.201904181610/tools/bin/../lib/gcc/arm-none-eabi/7.3.1/../../../../arm-none-eabi/lib/thumb/v7e-m/fpv4-sp/hard/crt0.o (memset)
/opt/st/stm32cubeide_1.3.0/plugins/com.st.stm32cube.ide.mcu.externaltools.gnu-tools-for-stm32.7-2018-q2-update.linux64_1.0.0.201904181610/tools/bin/../lib/gcc/arm-none-eabi/7.3.1/../../../../arm-none-eabi/lib/thumb/v7e-m/fpv4-sp/hard/libc_nano.a(lib_a-nano-freer.o)
                              /opt/st/stm32cubeide_1.3.0/plugins/com.st.stm32cube.ide.mcu.externaltools.gnu-tools-for-stm32.7-2018-q2-update.linux64_1.0.0.201904181610/tools/bin/../lib/gcc/arm-none-eabi/7.3.1/../../../../arm-none-eabi/lib/thumb/v7e-m/fpv4-sp/hard/libc_nano.a(lib_a-malloc.o) (_free_r)
/opt/st/stm32cubeide_1.3.0/plugins/com.st.stm32cube.ide.mcu.externaltools.gnu-tools-for-stm32.7-2018-q2-update.linux64_1.0.0.201904181610/tools/bin/../lib/gcc/arm-none-eabi/7.3.1/../../../../arm-none-eabi/lib/thumb/v7e-m/fpv4-sp/hard/libc_nano.a(lib_a-nano-mallocr.o)
[...]
Memory Configuration

Name             Origin             Length             Attributes
CCMRAM           0x0000000010000000 0x0000000000001000 xrw
RAM              0x0000000020000000 0x0000000000003000 xrw
FLASH            0x0000000008000000 0x0000000000010000 xr
*default*        0x0000000000000000 0xffffffffffffffff

Linker script and memory map

LOAD /opt/st/stm32cubeide_1.3.0/plugins/com.st.stm32cube.ide.mcu.externaltools.gnu-tools-for-stm32.7-2018-q2-update.linux64_1.0.0.201904181610/tools/bin/../lib/gcc/arm-none-eabi/7.3.1/thumb/v7e-m/fpv4-sp/hard/crti.o
LOAD /opt/st/stm32cubeide_1.3.0/plugins/com.st.stm32cube.ide.mcu.externaltools.gnu-tools-for-stm32.7-2018-q2-update.linux64_1.0.0.201904181610/tools/bin/../lib/gcc/arm-none-eabi/7.3.1/thumb/v7e-m/fpv4-sp/hard/crtbegin.o
LOAD /opt/st/stm32cubeide_1.3.0/plugins/com.st.stm32cube.ide.mcu.externaltools.gnu-tools-for-stm32.7-2018-q2-update.linux64_1.0.0.201904181610/tools/bin/../lib/gcc/arm-none-eabi/7.3.1/../../../../arm-none-eabi/lib/thumb/v7e-m/fpv4-sp/hard/crt0.o
LOAD Core/Inc/Application/Application.o
LOAD Core/Inc/CAN/CAN.o
LOAD Core/Inc/Motor/Motor.o
LOAD Core/Src/can.o
LOAD Core/Src/gpio.o
LOAD Core/Src/main.o
LOAD Core/Src/scanf.o
LOAD Core/Src/stm32f3xx_hal_msp.o
LOAD Core/Src/stm32f3xx_it.o
LOAD Core/Src/syscalls.o
LOAD Core/Src/sysmem.o
LOAD Core/Src/system_stm32f3xx.o
LOAD Core/Src/tim.o
LOAD Core/Src/usart.o
LOAD Core/Startup/startup_stm32f303k8tx.o
LOAD Drivers/STM32F3xx_HAL_Driver/Src/stm32f3xx_hal.o
LOAD Drivers/STM32F3xx_HAL_Driver/Src/stm32f3xx_hal_can.o
LOAD Drivers/STM32F3xx_HAL_Driver/Src/stm32f3xx_hal_cortex.o
LOAD Drivers/STM32F3xx_HAL_Driver/Src/stm32f3xx_hal_dma.o
LOAD Drivers/STM32F3xx_HAL_Driver/Src/stm32f3xx_hal_exti.o
LOAD Drivers/STM32F3xx_HAL_Driver/Src/stm32f3xx_hal_flash.o
LOAD Drivers/STM32F3xx_HAL_Driver/Src/stm32f3xx_hal_flash_ex.o
LOAD Drivers/STM32F3xx_HAL_Driver/Src/stm32f3xx_hal_gpio.o
LOAD Drivers/STM32F3xx_HAL_Driver/Src/stm32f3xx_hal_i2c.o
LOAD Drivers/STM32F3xx_HAL_Driver/Src/stm32f3xx_hal_i2c_ex.o
LOAD Drivers/STM32F3xx_HAL_Driver/Src/stm32f3xx_hal_pwr.o
LOAD Drivers/STM32F3xx_HAL_Driver/Src/stm32f3xx_hal_pwr_ex.o
LOAD Drivers/STM32F3xx_HAL_Driver/Src/stm32f3xx_hal_rcc.o
LOAD Drivers/STM32F3xx_HAL_Driver/Src/stm32f3xx_hal_rcc_ex.o
LOAD Drivers/STM32F3xx_HAL_Driver/Src/stm32f3xx_hal_tim.o
LOAD Drivers/STM32F3xx_HAL_Driver/Src/stm32f3xx_hal_tim_ex.o
LOAD Drivers/STM32F3xx_HAL_Driver/Src/stm32f3xx_hal_uart.o
LOAD Drivers/STM32F3xx_HAL_Driver/Src/stm32f3xx_hal_uart_ex.o
START GROUP
LOAD /opt/st/stm32cubeide_1.3.0/plugins/com.st.stm32cube.ide.mcu.externaltools.gnu-tools-for-stm32.7-2018-q2-update.linux64_1.0.0.201904181610/tools/bin/../lib/gcc/arm-none-eabi/7.3.1/../../../../arm-none-eabi/lib/thumb/v7e-m/fpv4-sp/hard/libstdc++_nano.a
LOAD /opt/st/stm32cubeide_1.3.0/plugins/com.st.stm32cube.ide.mcu.externaltools.gnu-tools-for-stm32.7-2018-q2-update.linux64_1.0.0.201904181610/tools/bin/../lib/gcc/arm-none-eabi/7.3.1/../../../../arm-none-eabi/lib/thumb/v7e-m/fpv4-sp/hard/libsupc++_nano.a
END GROUP
LOAD /opt/st/stm32cubeide_1.3.0/plugins/com.st.stm32cube.ide.mcu.externaltools.gnu-tools-for-stm32.7-2018-q2-update.linux64_1.0.0.201904181610/tools/bin/../lib/gcc/arm-none-eabi/7.3.1/../../../../arm-none-eabi/lib/thumb/v7e-m/fpv4-sp/hard/libstdc++_nano.a
LOAD /opt/st/stm32cubeide_1.3.0/plugins/com.st.stm32cube.ide.mcu.externaltools.gnu-tools-for-stm32.7-2018-q2-update.linux64_1.0.0.201904181610/tools/bin/../lib/gcc/arm-none-eabi/7.3.1/../../../../arm-none-eabi/lib/thumb/v7e-m/fpv4-sp/hard/libm.a
LOAD /opt/st/stm32cubeide_1.3.0/plugins/com.st.stm32cube.ide.mcu.externaltools.gnu-tools-for-stm32.7-2018-q2-update.linux64_1.0.0.201904181610/tools/bin/../lib/gcc/arm-none-eabi/7.3.1/../../../../arm-none-eabi/lib/thumb/v7e-m/fpv4-sp/hard/libc_nano.a
START GROUP
LOAD /opt/st/stm32cubeide_1.3.0/plugins/com.st.stm32cube.ide.mcu.externaltools.gnu-tools-for-stm32.7-2018-q2-update.linux64_1.0.0.201904181610/tools/bin/../lib/gcc/arm-none-eabi/7.3.1/thumb/v7e-m/fpv4-sp/hard/libgcc.a
LOAD /opt/st/stm32cubeide_1.3.0/plugins/com.st.stm32cube.ide.mcu.externaltools.gnu-tools-for-stm32.7-2018-q2-update.linux64_1.0.0.201904181610/tools/bin/../lib/gcc/arm-none-eabi/7.3.1/../../../../arm-none-eabi/lib/thumb/v7e-m/fpv4-sp/hard/libc_nano.a
END GROUP
START GROUP
LOAD /opt/st/stm32cubeide_1.3.0/plugins/com.st.stm32cube.ide.mcu.externaltools.gnu-tools-for-stm32.7-2018-q2-update.linux64_1.0.0.201904181610/tools/bin/../lib/gcc/arm-none-eabi/7.3.1/thumb/v7e-m/fpv4-sp/hard/libgcc.a
LOAD /opt/st/stm32cubeide_1.3.0/plugins/com.st.stm32cube.ide.mcu.externaltools.gnu-tools-for-stm32.7-2018-q2-update.linux64_1.0.0.201904181610/tools/bin/../lib/gcc/arm-none-eabi/7.3.1/../../../../arm-none-eabi/lib/thumb/v7e-m/fpv4-sp/hard/libc_nano.a
LOAD /opt/st/stm32cubeide_1.3.0/plugins/com.st.stm32cube.ide.mcu.externaltools.gnu-tools-for-stm32.7-2018-q2-update.linux64_1.0.0.201904181610/tools/bin/../lib/gcc/arm-none-eabi/7.3.1/../../../../arm-none-eabi/lib/thumb/v7e-m/fpv4-sp/hard/libnosys.a
END GROUP
START GROUP
LOAD /opt/st/stm32cubeide_1.3.0/plugins/com.st.stm32cube.ide.mcu.externaltools.gnu-tools-for-stm32.7-2018-q2-update.linux64_1.0.0.201904181610/tools/bin/../lib/gcc/arm-none-eabi/7.3.1/thumb/v7e-m/fpv4-sp/hard/libgcc.a
LOAD /opt/st/stm32cubeide_1.3.0/plugins/com.st.stm32cube.ide.mcu.externaltools.gnu-tools-for-stm32.7-2018-q2-update.linux64_1.0.0.201904181610/tools/bin/../lib/gcc/arm-none-eabi/7.3.1/../../../../arm-none-eabi/lib/thumb/v7e-m/fpv4-sp/hard/libc_nano.a
LOAD /opt/st/stm32cubeide_1.3.0/plugins/com.st.stm32cube.ide.mcu.externaltools.gnu-tools-for-stm32.7-2018-q2-update.linux64_1.0.0.201904181610/tools/bin/../lib/gcc/arm-none-eabi/7.3.1/../../../../arm-none-eabi/lib/thumb/v7e-m/fpv4-sp/hard/libnosys.a
END GROUP
LOAD /opt/st/stm32cubeide_1.3.0/plugins/com.st.stm32cube.ide.mcu.externaltools.gnu-tools-for-stm32.7-2018-q2-update.linux64_1.0.0.201904181610/tools/bin/../lib/gcc/arm-none-eabi/7.3.1/thumb/v7e-m/fpv4-sp/hard/crtend.o
LOAD /opt/st/stm32cubeide_1.3.0/plugins/com.st.stm32cube.ide.mcu.externaltools.gnu-tools-for-stm32.7-2018-q2-update.linux64_1.0.0.201904181610/tools/bin/../lib/gcc/arm-none-eabi/7.3.1/thumb/v7e-m/fpv4-sp/hard/crtn.o
                0x0000000020003000                _estack = (ORIGIN (RAM) + LENGTH (RAM))
                0x0000000000000200                _Min_Heap_Size = 0x200
                0x0000000000000400                _Min_Stack_Size = 0x400

.isr_vector     0x0000000008000000      0x188
                0x0000000008000000                . = ALIGN (0x4)
 *(.isr_vector)
 .isr_vector    0x0000000008000000      0x188 Core/Startup/startup_stm32f303k8tx.o
                0x0000000008000000                g_pfnVectors
                0x0000000008000188                . = ALIGN (0x4)

.text           0x0000000008000190     0x5c5c
                0x0000000008000190                . = ALIGN (0x4)
 *(.text)
 .text          0x0000000008000190       0x40 /opt/st/stm32cubeide_1.3.0/plugins/com.st.stm32cube.ide.mcu.externaltools.gnu-tools-for-stm32.7-2018-q2-update.linux64_1.0.0.201904181610/tools/bin/../lib/gcc/arm-none-eabi/7.3.1/thumb/v7e-m/fpv4-sp/hard/crtbegin.o
 .text          0x00000000080001d0       0xa0 /opt/st/stm32cubeide_1.3.0/plugins/com.st.stm32cube.ide.mcu.externaltools.gnu-tools-for-stm32.7-2018-q2-update.linux64_1.0.0.201904181610/tools/bin/../lib/gcc/arm-none-eabi/7.3.1/../../../../arm-none-eabi/lib/thumb/v7e-m/fpv4-sp/hard/libc_nano.a(lib_a-memchr.o)
                0x00000000080001d0                memchr
 *(.text*)
 .text._ZN3App11RestoreDataEi
                0x0000000008000270       0x50 Core/Inc/Application/Application.o
                0x0000000008000270                App::RestoreData(int)
 .text._ZN3App7SetDutyEf
                0x00000000080002c0       0xa8 Core/Inc/Application/Application.o
                0x00000000080002c0                App::SetDuty(float)
 .text._ZN3App9TaskShiftEv
                0x0000000008000368       0x64 Core/Inc/Application/Application.o
                0x0000000008000368                App::TaskShift()
 .text._Z12FilterConfigv
                0x00000000080003cc       0x68 Core/Inc/CAN/CAN.o
                0x00000000080003cc                FilterConfig()
 .text.HAL_CAN_RxFifo0MsgPendingCallback
                0x0000000008000434       0x58 Core/Inc/CAN/CAN.o
                0x0000000008000434                HAL_CAN_RxFifo0MsgPendingCallback
 .text._ZN5Motor3mapEfllll
                0x000000000800048c       0x6a Core/Inc/Motor/Motor.o
                0x000000000800048c                Motor::map(float, long, long, long, long)
 .text._ZN5Motor7setDutyEf
                0x00000000080004f6       0xbc Core/Inc/Motor/Motor.o
                0x00000000080004f6                Motor::setDuty(float)
 .text._ZN5Motor5BeginEv
                0x00000000080005b2       0x30 Core/Inc/Motor/Motor.o
                0x00000000080005b2                Motor::Begin()
 .text._ZN5Motor12SetFrequencyEl
                0x00000000080005e2       0xc6 Core/Inc/Motor/Motor.o
                0x00000000080005e2                Motor::SetFrequency(long)
 .text._ZN5Motor18HAL_TIM_SetCompareEP17TIM_HandleTypeDefii
                0x00000000080006a8       0xb8 Core/Inc/Motor/Motor.o
                0x00000000080006a8                Motor::HAL_TIM_SetCompare(TIM_HandleTypeDef*, int, int)
 .text.MX_CAN_Init
                0x0000000008000760       0x6c Core/Src/can.o
                0x0000000008000760                MX_CAN_Init
 .text.HAL_CAN_MspInit
                0x00000000080007cc       0xb8 Core/Src/can.o
                0x00000000080007cc                HAL_CAN_MspInit
 .text.MX_GPIO_Init
                0x0000000008000884       0xc4 Core/Src/gpio.o
                0x0000000008000884                MX_GPIO_Init
 .text._ZN5MotorC2EP17TIM_HandleTypeDefP12GPIO_TypeDeftj
                0x0000000008000948       0x40 Core/Src/main.o
                0x0000000008000948                Motor::Motor(TIM_HandleTypeDef*, GPIO_TypeDef*, unsigned short, unsigned int)
                0x0000000008000948                Motor::Motor(TIM_HandleTypeDef*, GPIO_TypeDef*, unsigned short, unsigned int)
 .text._ZN5MotorD2Ev
                0x0000000008000988       0x20 Core/Src/main.o
                0x0000000008000988                Motor::~Motor()
                0x0000000008000988                Motor::~Motor()
 .text._ZN5MotorD0Ev
                0x00000000080009a8       0x20 Core/Src/main.o
                0x00000000080009a8                Motor::~Motor()
 .text._ZN7BLMotorC2EP17TIM_HandleTypeDefP12GPIO_TypeDefS3_ttj
                0x00000000080009c8       0x40 Core/Src/main.o
                0x00000000080009c8                BLMotor::BLMotor(TIM_HandleTypeDef*, GPIO_TypeDef*, GPIO_TypeDef*, unsigned short, unsigned short, unsigned int)
                0x00000000080009c8                BLMotor::BLMotor(TIM_HandleTypeDef*, GPIO_TypeDef*, GPIO_TypeDef*, unsigned short, unsigned short, unsigned int)
 .text._ZN6CanBusC2Emm
                0x0000000008000a08       0x54 Core/Src/main.o
                0x0000000008000a08                CanBus::CanBus(unsigned long, unsigned long)
                0x0000000008000a08                CanBus::CanBus(unsigned long, unsigned long)
 .text._ZN21LowlayerHandelTypedefC2Ev
                0x0000000008000a5c       0xd0 Core/Src/main.o
                0x0000000008000a5c                LowlayerHandelTypedef::LowlayerHandelTypedef()
                0x0000000008000a5c                LowlayerHandelTypedef::LowlayerHandelTypedef()
 .text._ZN21LowlayerHandelTypedef10DebugMotorEif
                0x0000000008000b2c       0x84 Core/Src/main.o
                0x0000000008000b2c                LowlayerHandelTypedef::DebugMotor(int, float)
 .text._ZN3AppC2EP21LowlayerHandelTypedef
                0x0000000008000bb0       0x2a Core/Src/main.o
                0x0000000008000bb0                App::App(LowlayerHandelTypedef*)
                0x0000000008000bb0                App::App(LowlayerHandelTypedef*)
 *fill*         0x0000000008000bda        0x2 
 .text.main     0x0000000008000bdc      0x108 Core/Src/main.o
                0x0000000008000bdc                main
 .text._Z18SystemClock_Configv
                0x0000000008000ce4       0xdc Core/Src/main.o
                0x0000000008000ce4                SystemClock_Config()
 .text.Error_Handler
                0x0000000008000dc0        0xe Core/Src/main.o
                0x0000000008000dc0                Error_Handler
 *fill*         0x0000000008000dce        0x2 
 .text._ZN7BLMotorD2Ev
                0x0000000008000dd0       0x24 Core/Src/main.o
                0x0000000008000dd0                BLMotor::~BLMotor()
                0x0000000008000dd0                BLMotor::~BLMotor()
 .text._ZN7BLMotorD0Ev
                0x0000000008000df4       0x20 Core/Src/main.o
                0x0000000008000df4                BLMotor::~BLMotor()
 .text.__io_putchar
                0x0000000008000e14       0x24 Core/Src/scanf.o
                0x0000000008000e14                __io_putchar
 .text.__io_getchar
                0x0000000008000e38       0x44 Core/Src/scanf.o
                0x0000000008000e38                __io_getchar
 .text.HAL_MspInit
                0x0000000008000e7c       0x48 Core/Src/stm32f3xx_hal_msp.o
                0x0000000008000e7c                HAL_MspInit
 .text.NMI_Handler
                0x0000000008000ec4        0xe Core/Src/stm32f3xx_it.o
                0x0000000008000ec4                NMI_Handler
 .text.HardFault_Handler
                0x0000000008000ed2        0x6 Core/Src/stm32f3xx_it.o
                0x0000000008000ed2                HardFault_Handler
 .text.MemManage_Handler
                0x0000000008000ed8        0x6 Core/Src/stm32f3xx_it.o
                0x0000000008000ed8                MemManage_Handler
 .text.BusFault_Handler
                0x0000000008000ede        0x6 Core/Src/stm32f3xx_it.o
                0x0000000008000ede                BusFault_Handler
 .text.UsageFault_Handler
                0x0000000008000ee4        0x6 Core/Src/stm32f3xx_it.o
                0x0000000008000ee4                UsageFault_Handler
 .text.SVC_Handler
                0x0000000008000eea        0xe Core/Src/stm32f3xx_it.o
                0x0000000008000eea                SVC_Handler
 .text.DebugMon_Handler
                0x0000000008000ef8        0xe Core/Src/stm32f3xx_it.o
                0x0000000008000ef8                DebugMon_Handler
 .text.PendSV_Handler
                0x0000000008000f06        0xe Core/Src/stm32f3xx_it.o
                0x0000000008000f06                PendSV_Handler
 .text.SysTick_Handler
                0x0000000008000f14        0xc Core/Src/stm32f3xx_it.o
                0x0000000008000f14                SysTick_Handler
 .text.CAN_RX0_IRQHandler
                0x0000000008000f20       0x14 Core/Src/stm32f3xx_it.o
                0x0000000008000f20                CAN_RX0_IRQHandler
 .text.CAN_RX1_IRQHandler
                0x0000000008000f34       0x14 Core/Src/stm32f3xx_it.o
                0x0000000008000f34                CAN_RX1_IRQHandler
 .text.CAN_SCE_IRQHandler
                0x0000000008000f48       0x14 Core/Src/stm32f3xx_it.o
                0x0000000008000f48                CAN_SCE_IRQHandler
 .text._read    0x0000000008000f5c       0x3a Core/Src/syscalls.o
                0x0000000008000f5c                _read
 .text._write   0x0000000008000f96       0x38 Core/Src/syscalls.o
                0x0000000008000f96                _write
 .text._close   0x0000000008000fce       0x18 Core/Src/syscalls.o
                0x0000000008000fce                _close
 .text._fstat   0x0000000008000fe6       0x20 Core/Src/syscalls.o
                0x0000000008000fe6                _fstat
 .text._isatty  0x0000000008001006       0x16 Core/Src/syscalls.o
                0x0000000008001006                _isatty
 .text._lseek   0x000000000800101c       0x1a Core/Src/syscalls.o
                0x000000000800101c                _lseek
 *fill*         0x0000000008001036        0x2 
 .text._sbrk    0x0000000008001038       0x58 Core/Src/sysmem.o
                0x0000000008001038                _sbrk
 .text.SystemInit
                0x0000000008001090       0x24 Core/Src/system_stm32f3xx.o
                0x0000000008001090                SystemInit
 .text.MX_TIM2_Init
                0x00000000080010b4       0xf4 Core/Src/tim.o
                0x00000000080010b4                MX_TIM2_Init
 .text.MX_TIM3_Init
                0x00000000080011a8       0xc8 Core/Src/tim.o
                0x00000000080011a8                MX_TIM3_Init
 .text.HAL_TIM_PWM_MspInit
                0x0000000008001270       0x64 Core/Src/tim.o
                0x0000000008001270                HAL_TIM_PWM_MspInit
 .text.HAL_TIM_MspPostInit
                0x00000000080012d4       0xb4 Core/Src/tim.o
                0x00000000080012d4                HAL_TIM_MspPostInit
 .text.MX_USART1_UART_Init
                0x0000000008001388       0x60 Core/Src/usart.o
                0x0000000008001388                MX_USART1_UART_Init
 .text.HAL_UART_MspInit
                0x00000000080013e8       0x88 Core/Src/usart.o
                0x00000000080013e8                HAL_UART_MspInit
 .text.Reset_Handler
                0x0000000008001470       0x50 Core/Startup/startup_stm32f303k8tx.o
                0x0000000008001470                Reset_Handler
 .text.Default_Handler
                0x00000000080014c0        0x2 Core/Startup/startup_stm32f303k8tx.o
                0x00000000080014c0                RTC_Alarm_IRQHandler
                0x00000000080014c0                TIM1_CC_IRQHandler
                0x00000000080014c0                PVD_IRQHandler
                0x00000000080014c0                TAMP_STAMP_IRQHandler
                0x00000000080014c0                EXTI3_IRQHandler
                0x00000000080014c0                EXTI0_IRQHandler
                0x00000000080014c0                FPU_IRQHandler
                0x00000000080014c0                CAN_TX_IRQHandler
                0x00000000080014c0                TIM1_UP_TIM16_IRQHandler
                0x00000000080014c0                ADC1_2_IRQHandler
                0x00000000080014c0                SPI1_IRQHandler
                0x00000000080014c0                DMA1_Channel4_IRQHandler
                0x00000000080014c0                USART3_IRQHandler
                0x00000000080014c0                DMA1_Channel7_IRQHandler
                0x00000000080014c0                TIM7_DAC2_IRQHandler
                0x00000000080014c0                I2C1_EV_IRQHandler
                0x00000000080014c0                DMA1_Channel6_IRQHandler
                0x00000000080014c0                TIM3_IRQHandler
                0x00000000080014c0                RCC_IRQHandler
                0x00000000080014c0                DMA1_Channel1_IRQHandler
                0x00000000080014c0                Default_Handler
                0x00000000080014c0                EXTI15_10_IRQHandler
                0x00000000080014c0                COMP2_IRQHandler
                0x00000000080014c0                TIM6_DAC1_IRQHandler
                0x00000000080014c0                EXTI9_5_IRQHandler
                0x00000000080014c0                RTC_WKUP_IRQHandler
                0x00000000080014c0                DMA1_Channel5_IRQHandler
                0x00000000080014c0                EXTI4_IRQHandler
                0x00000000080014c0                TIM1_TRG_COM_TIM17_IRQHandler
                0x00000000080014c0                DMA1_Channel3_IRQHandler
                0x00000000080014c0                WWDG_IRQHandler
                0x00000000080014c0                TIM2_IRQHandler
                0x00000000080014c0                EXTI1_IRQHandler
                0x00000000080014c0                COMP4_6_IRQHandler
                0x00000000080014c0                USART2_IRQHandler
                0x00000000080014c0                DMA1_Channel2_IRQHandler
                0x00000000080014c0                FLASH_IRQHandler
                0x00000000080014c0                USART1_IRQHandler
                0x00000000080014c0                I2C1_ER_IRQHandler
                0x00000000080014c0                EXTI2_TSC_IRQHandler
                0x00000000080014c0                TIM1_BRK_TIM15_IRQHandler
 *fill*         0x00000000080014c2        0x2 
 .text.HAL_Init
                0x00000000080014c4       0x2c Drivers/STM32F3xx_HAL_Driver/Src/stm32f3xx_hal.o
                0x00000000080014c4                HAL_Init
 .text.HAL_InitTick
                0x00000000080014f0       0x60 Drivers/STM32F3xx_HAL_Driver/Src/stm32f3xx_hal.o
                0x00000000080014f0                HAL_InitTick
 .text.HAL_IncTick
                0x0000000008001550       0x28 Drivers/STM32F3xx_HAL_Driver/Src/stm32f3xx_hal.o
                0x0000000008001550                HAL_IncTick
 .text.HAL_GetTick
                0x0000000008001578       0x18 Drivers/STM32F3xx_HAL_Driver/Src/stm32f3xx_hal.o
                0x0000000008001578                HAL_GetTick
 .text.HAL_Delay
                0x0000000008001590       0x44 Drivers/STM32F3xx_HAL_Driver/Src/stm32f3xx_hal.o
                0x0000000008001590                HAL_Delay
 .text.HAL_CAN_Init
                0x00000000080015d4      0x1f6 Drivers/STM32F3xx_HAL_Driver/Src/stm32f3xx_hal_can.o
                0x00000000080015d4                HAL_CAN_Init
 .text.HAL_CAN_ConfigFilter
                0x00000000080017ca      0x194 Drivers/STM32F3xx_HAL_Driver/Src/stm32f3xx_hal_can.o
                0x00000000080017ca                HAL_CAN_ConfigFilter
 .text.HAL_CAN_Start
                0x000000000800195e       0x88 Drivers/STM32F3xx_HAL_Driver/Src/stm32f3xx_hal_can.o
                0x000000000800195e                HAL_CAN_Start
 .text.HAL_CAN_GetRxMessage
                0x00000000080019e6      0x224 Drivers/STM32F3xx_HAL_Driver/Src/stm32f3xx_hal_can.o
                0x00000000080019e6                HAL_CAN_GetRxMessage
 .text.HAL_CAN_ActivateNotification
                0x0000000008001c0a       0x4c Drivers/STM32F3xx_HAL_Driver/Src/stm32f3xx_hal_can.o
                0x0000000008001c0a                HAL_CAN_ActivateNotification
 .text.HAL_CAN_IRQHandler
                0x0000000008001c56      0x362 Drivers/STM32F3xx_HAL_Driver/Src/stm32f3xx_hal_can.o
                0x0000000008001c56                HAL_CAN_IRQHandler
 .text.HAL_CAN_TxMailbox0CompleteCallback
                0x0000000008001fb8       0x14 Drivers/STM32F3xx_HAL_Driver/Src/stm32f3xx_hal_can.o
                0x0000000008001fb8                HAL_CAN_TxMailbox0CompleteCallback
 .text.HAL_CAN_TxMailbox1CompleteCallback
                0x0000000008001fcc       0x14 Drivers/STM32F3xx_HAL_Driver/Src/stm32f3xx_hal_can.o
                0x0000000008001fcc                HAL_CAN_TxMailbox1CompleteCallback
 .text.HAL_CAN_TxMailbox2CompleteCallback
                0x0000000008001fe0       0x14 Drivers/STM32F3xx_HAL_Driver/Src/stm32f3xx_hal_can.o
                0x0000000008001fe0                HAL_CAN_TxMailbox2CompleteCallback
 .text.HAL_CAN_TxMailbox0AbortCallback
                0x0000000008001ff4       0x14 Drivers/STM32F3xx_HAL_Driver/Src/stm32f3xx_hal_can.o
                0x0000000008001ff4                HAL_CAN_TxMailbox0AbortCallback
 .text.HAL_CAN_TxMailbox1AbortCallback
                0x0000000008002008       0x14 Drivers/STM32F3xx_HAL_Driver/Src/stm32f3xx_hal_can.o
                0x0000000008002008                HAL_CAN_TxMailbox1AbortCallback
 .text.HAL_CAN_TxMailbox2AbortCallback
                0x000000000800201c       0x14 Drivers/STM32F3xx_HAL_Driver/Src/stm32f3xx_hal_can.o
                0x000000000800201c                HAL_CAN_TxMailbox2AbortCallback
 .text.HAL_CAN_RxFifo0FullCallback
                0x0000000008002030       0x14 Drivers/STM32F3xx_HAL_Driver/Src/stm32f3xx_hal_can.o
                0x0000000008002030                HAL_CAN_RxFifo0FullCallback
 .text.HAL_CAN_RxFifo1MsgPendingCallback
                0x0000000008002044       0x14 Drivers/STM32F3xx_HAL_Driver/Src/stm32f3xx_hal_can.o
                0x0000000008002044                HAL_CAN_RxFifo1MsgPendingCallback
 .text.HAL_CAN_RxFifo1FullCallback
                0x0000000008002058       0x14 Drivers/STM32F3xx_HAL_Driver/Src/stm32f3xx_hal_can.o
                0x0000000008002058                HAL_CAN_RxFifo1FullCallback
 .text.HAL_CAN_SleepCallback
                0x000000000800206c       0x14 Drivers/STM32F3xx_HAL_Driver/Src/stm32f3xx_hal_can.o
                0x000000000800206c                HAL_CAN_SleepCallback
 .text.HAL_CAN_WakeUpFromRxMsgCallback
                0x0000000008002080       0x14 Drivers/STM32F3xx_HAL_Driver/Src/stm32f3xx_hal_can.o
                0x0000000008002080                HAL_CAN_WakeUpFromRxMsgCallback
 .text.HAL_CAN_ErrorCallback
                0x0000000008002094       0x14 Drivers/STM32F3xx_HAL_Driver/Src/stm32f3xx_hal_can.o
                0x0000000008002094                HAL_CAN_ErrorCallback
 .text.__NVIC_SetPriorityGrouping
                0x00000000080020a8       0x48 Drivers/STM32F3xx_HAL_Driver/Src/stm32f3xx_hal_cortex.o
 .text.__NVIC_GetPriorityGrouping
                0x00000000080020f0       0x1c Drivers/STM32F3xx_HAL_Driver/Src/stm32f3xx_hal_cortex.o
 .text.__NVIC_EnableIRQ
                0x000000000800210c       0x3c Drivers/STM32F3xx_HAL_Driver/Src/stm32f3xx_hal_cortex.o
 .text.__NVIC_SetPriority
                0x0000000008002148       0x54 Drivers/STM32F3xx_HAL_Driver/Src/stm32f3xx_hal_cortex.o
 .text.NVIC_EncodePriority
                0x000000000800219c       0x66 Drivers/STM32F3xx_HAL_Driver/Src/stm32f3xx_hal_cortex.o
 *fill*         0x0000000008002202        0x2 
 .text.SysTick_Config
                0x0000000008002204       0x44 Drivers/STM32F3xx_HAL_Driver/Src/stm32f3xx_hal_cortex.o
 .text.HAL_NVIC_SetPriorityGrouping
                0x0000000008002248       0x16 Drivers/STM32F3xx_HAL_Driver/Src/stm32f3xx_hal_cortex.o
                0x0000000008002248                HAL_NVIC_SetPriorityGrouping
 .text.HAL_NVIC_SetPriority
                0x000000000800225e       0x38 Drivers/STM32F3xx_HAL_Driver/Src/stm32f3xx_hal_cortex.o
                0x000000000800225e                HAL_NVIC_SetPriority
 .text.HAL_NVIC_EnableIRQ
                0x0000000008002296       0x1c Drivers/STM32F3xx_HAL_Driver/Src/stm32f3xx_hal_cortex.o
                0x0000000008002296                HAL_NVIC_EnableIRQ
 .text.HAL_SYSTICK_Config
                0x00000000080022b2       0x18 Drivers/STM32F3xx_HAL_Driver/Src/stm32f3xx_hal_cortex.o
                0x00000000080022b2                HAL_SYSTICK_Config
 *fill*         0x00000000080022ca        0x2 
 .text.HAL_GPIO_Init
                0x00000000080022cc      0x2e4 Drivers/STM32F3xx_HAL_Driver/Src/stm32f3xx_hal_gpio.o
                0x00000000080022cc                HAL_GPIO_Init
 .text.HAL_GPIO_WritePin
                0x00000000080025b0       0x30 Drivers/STM32F3xx_HAL_Driver/Src/stm32f3xx_hal_gpio.o
                0x00000000080025b0                HAL_GPIO_WritePin
 .text.HAL_GPIO_TogglePin
                0x00000000080025e0       0x34 Drivers/STM32F3xx_HAL_Driver/Src/stm32f3xx_hal_gpio.o
                0x00000000080025e0                HAL_GPIO_TogglePin
 .text.HAL_RCC_OscConfig
                0x0000000008002614      0xe10 Drivers/STM32F3xx_HAL_Driver/Src/stm32f3xx_hal_rcc.o
                0x0000000008002614                HAL_RCC_OscConfig
 .text.HAL_RCC_ClockConfig
                0x0000000008003424      0x2f8 Drivers/STM32F3xx_HAL_Driver/Src/stm32f3xx_hal_rcc.o
                0x0000000008003424                HAL_RCC_ClockConfig
 .text.HAL_RCC_GetSysClockFreq
                0x000000000800371c       0xd4 Drivers/STM32F3xx_HAL_Driver/Src/stm32f3xx_hal_rcc.o
                0x000000000800371c                HAL_RCC_GetSysClockFreq
 .text.HAL_RCC_GetHCLKFreq
                0x00000000080037f0       0x18 Drivers/STM32F3xx_HAL_Driver/Src/stm32f3xx_hal_rcc.o
                0x00000000080037f0                HAL_RCC_GetHCLKFreq
 .text.HAL_RCC_GetPCLK1Freq
                0x0000000008003808       0x44 Drivers/STM32F3xx_HAL_Driver/Src/stm32f3xx_hal_rcc.o
                0x0000000008003808                HAL_RCC_GetPCLK1Freq
 .text.HAL_RCC_GetPCLK2Freq
                0x000000000800384c       0x44 Drivers/STM32F3xx_HAL_Driver/Src/stm32f3xx_hal_rcc.o
                0x000000000800384c                HAL_RCC_GetPCLK2Freq
 .text.HAL_RCCEx_PeriphCLKConfig
                0x0000000008003890      0x24c Drivers/STM32F3xx_HAL_Driver/Src/stm32f3xx_hal_rcc_ex.o
                0x0000000008003890                HAL_RCCEx_PeriphCLKConfig
 .text.HAL_TIM_PWM_Init
                0x0000000008003adc       0xae Drivers/STM32F3xx_HAL_Driver/Src/stm32f3xx_hal_tim.o
                0x0000000008003adc                HAL_TIM_PWM_Init
 *fill*         0x0000000008003b8a        0x2 
 .text.HAL_TIM_PWM_Start
                0x0000000008003b8c      0x1d8 Drivers/STM32F3xx_HAL_Driver/Src/stm32f3xx_hal_tim.o
                0x0000000008003b8c                HAL_TIM_PWM_Start
 .text.HAL_TIM_PWM_ConfigChannel
                0x0000000008003d64      0x220 Drivers/STM32F3xx_HAL_Driver/Src/stm32f3xx_hal_tim.o
                0x0000000008003d64                HAL_TIM_PWM_ConfigChannel
 .text.TIM_Base_SetConfig
                0x0000000008003f84       0xf0 Drivers/STM32F3xx_HAL_Driver/Src/stm32f3xx_hal_tim.o
                0x0000000008003f84                TIM_Base_SetConfig
 .text.TIM_OC1_SetConfig
                0x0000000008004074      0x10c Drivers/STM32F3xx_HAL_Driver/Src/stm32f3xx_hal_tim.o
 .text.TIM_OC2_SetConfig
                0x0000000008004180      0x100 Drivers/STM32F3xx_HAL_Driver/Src/stm32f3xx_hal_tim.o
                0x0000000008004180                TIM_OC2_SetConfig
 .text.TIM_OC3_SetConfig
                0x0000000008004280       0xfc Drivers/STM32F3xx_HAL_Driver/Src/stm32f3xx_hal_tim.o
 .text.TIM_OC4_SetConfig
                0x000000000800437c       0xc8 Drivers/STM32F3xx_HAL_Driver/Src/stm32f3xx_hal_tim.o
 .text.TIM_OC5_SetConfig
                0x0000000008004444       0xbc Drivers/STM32F3xx_HAL_Driver/Src/stm32f3xx_hal_tim.o
 .text.TIM_OC6_SetConfig
                0x0000000008004500       0xc0 Drivers/STM32F3xx_HAL_Driver/Src/stm32f3xx_hal_tim.o
 .text.TIM_CCxChannelCmd
                0x00000000080045c0       0x4a Drivers/STM32F3xx_HAL_Driver/Src/stm32f3xx_hal_tim.o
                0x00000000080045c0                TIM_CCxChannelCmd
 *fill*         0x000000000800460a        0x2 
 .text.HAL_TIMEx_MasterConfigSynchronization
                0x000000000800460c       0xdc Drivers/STM32F3xx_HAL_Driver/Src/stm32f3xx_hal_tim_ex.o
                0x000000000800460c                HAL_TIMEx_MasterConfigSynchronization
 .text.HAL_UART_Init
                0x00000000080046e8       0x9c Drivers/STM32F3xx_HAL_Driver/Src/stm32f3xx_hal_uart.o
                0x00000000080046e8                HAL_UART_Init
 .text.HAL_UART_Transmit
                0x0000000008004784      0x128 Drivers/STM32F3xx_HAL_Driver/Src/stm32f3xx_hal_uart.o
                0x0000000008004784                HAL_UART_Transmit
 .text.HAL_UART_Receive
                0x00000000080048ac      0x1a2 Drivers/STM32F3xx_HAL_Driver/Src/stm32f3xx_hal_uart.o
                0x00000000080048ac                HAL_UART_Receive
 *fill*         0x0000000008004a4e        0x2 
 .text.UART_SetConfig
                0x0000000008004a50      0x270 Drivers/STM32F3xx_HAL_Driver/Src/stm32f3xx_hal_uart.o
                0x0000000008004a50                UART_SetConfig
 .text.UART_AdvFeatureConfig
                0x0000000008004cc0      0x144 Drivers/STM32F3xx_HAL_Driver/Src/stm32f3xx_hal_uart.o
                0x0000000008004cc0                UART_AdvFeatureConfig
 .text.UART_CheckIdleState
                0x0000000008004e04       0x92 Drivers/STM32F3xx_HAL_Driver/Src/stm32f3xx_hal_uart.o
                0x0000000008004e04                UART_CheckIdleState
 .text.UART_WaitOnFlagUntilTimeout
                0x0000000008004e96       0xf8 Drivers/STM32F3xx_HAL_Driver/Src/stm32f3xx_hal_uart.o
                0x0000000008004e96                UART_WaitOnFlagUntilTimeout
 .text._ZdlPvj  0x0000000008004f8e        0x4 /opt/st/stm32cubeide_1.3.0/plugins/com.st.stm32cube.ide.mcu.externaltools.gnu-tools-for-stm32.7-2018-q2-update.linux64_1.0.0.201904181610/tools/bin/../lib/gcc/arm-none-eabi/7.3.1/../../../../arm-none-eabi/lib/thumb/v7e-m/fpv4-sp/hard/libstdc++_nano.a(del_ops.o)
                0x0000000008004f8e                operator delete(void*, unsigned int)
 .text._ZdlPv   0x0000000008004f92        0x4 /opt/st/stm32cubeide_1.3.0/plugins/com.st.stm32cube.ide.mcu.externaltools.gnu-tools-for-stm32.7-2018-q2-update.linux64_1.0.0.201904181610/tools/bin/../lib/gcc/arm-none-eabi/7.3.1/../../../../arm-none-eabi/lib/thumb/v7e-m/fpv4-sp/hard/libstdc++_nano.a(del_op.o)
                0x0000000008004f92                operator delete(void*)
 *fill*         0x0000000008004f96        0x2 
 .text.__errno  0x0000000008004f98        0xc /opt/st/stm32cubeide_1.3.0/plugins/com.st.stm32cube.ide.mcu.externaltools.gnu-tools-for-stm32.7-2018-q2-update.linux64_1.0.0.201904181610/tools/bin/../lib/gcc/arm-none-eabi/7.3.1/../../../../arm-none-eabi/lib/thumb/v7e-m/fpv4-sp/hard/libc_nano.a(lib_a-errno.o)
                0x0000000008004f98                __errno
 .text.__libc_init_array
                0x0000000008004fa4       0x48 /opt/st/stm32cubeide_1.3.0/plugins/com.st.stm32cube.ide.mcu.externaltools.gnu-tools-for-stm32.7-2018-q2-update.linux64_1.0.0.201904181610/tools/bin/../lib/gcc/arm-none-eabi/7.3.1/../../../../arm-none-eabi/lib/thumb/v7e-m/fpv4-sp/hard/libc_nano.a(lib_a-init.o)
                0x0000000008004fa4                __libc_init_array
 .text.free     0x0000000008004fec       0x10 /opt/st/stm32cubeide_1.3.0/plugins/com.st.stm32cube.ide.mcu.externaltools.gnu-tools-for-stm32.7-2018-q2-update.linux64_1.0.0.201904181610/tools/bin/../lib/gcc/arm-none-eabi/7.3.1/../../../../arm-none-eabi/lib/thumb/v7e-m/fpv4-sp/hard/libc_nano.a(lib_a-malloc.o)
                0x0000000008004fec                free
 .text.memset   0x0000000008004ffc       0x10 /opt/st/stm32cubeide_1.3.0/plugins/com.st.stm32cube.ide.mcu.externaltools.gnu-tools-for-stm32.7-2018-q2-update.linux64_1.0.0.201904181610/tools/bin/../lib/gcc/arm-none-eabi/7.3.1/../../../../arm-none-eabi/lib/thumb/v7e-m/fpv4-sp/hard/libc_nano.a(lib_a-memset.o)
                0x0000000008004ffc                memset
 .text._free_r  0x000000000800500c       0x9c /opt/st/stm32cubeide_1.3.0/plugins/com.st.stm32cube.ide.mcu.externaltools.gnu-tools-for-stm32.7-2018-q2-update.linux64_1.0.0.201904181610/tools/bin/../lib/gcc/arm-none-eabi/7.3.1/../../../../arm-none-eabi/lib/thumb/v7e-m/fpv4-sp/hard/libc_nano.a(lib_a-nano-freer.o)
                0x000000000800500c                _free_r
 .text._malloc_r
                0x00000000080050a8       0xb4 /opt/st/stm32cubeide_1.3.0/plugins/com.st.stm32cube.ide.mcu.externaltools.gnu-tools-for-stm32.7-2018-q2-update.linux64_1.0.0.201904181610/tools/bin/../lib/gcc/arm-none-eabi/7.3.1/../../../../arm-none-eabi/lib/thumb/v7e-m/fpv4-sp/hard/libc_nano.a(lib_a-nano-mallocr.o)
                0x00000000080050a8                _malloc_r
 .text.printf   0x000000000800515c       0x30 /opt/st/stm32cubeide_1.3.0/plugins/com.st.stm32cube.ide.mcu.externaltools.gnu-tools-for-stm32.7-2018-q2-update.linux64_1.0.0.201904181610/tools/bin/../lib/gcc/arm-none-eabi/7.3.1/../../../../arm-none-eabi/lib/thumb/v7e-m/fpv4-sp/hard/libc_nano.a(lib_a-printf.o)
                0x000000000800515c                printf
                0x000000000800515c                iprintf
 .text._sbrk_r  0x000000000800518c       0x20 /opt/st/stm32cubeide_1.3.0/plugins/com.st.stm32cube.ide.mcu.externaltools.gnu-tools-for-stm32.7-2018-q2-update.linux64_1.0.0.201904181610/tools/bin/../lib/gcc/arm-none-eabi/7.3.1/../../../../arm-none-eabi/lib/thumb/v7e-m/fpv4-sp/hard/libc_nano.a(lib_a-sbrkr.o)
                0x000000000800518c                _sbrk_r
 .text.std      0x00000000080051ac       0x48 /opt/st/stm32cubeide_1.3.0/plugins/com.st.stm32cube.ide.mcu.externaltools.gnu-tools-for-stm32.7-2018-q2-update.linux64_1.0.0.201904181610/tools/bin/../lib/gcc/arm-none-eabi/7.3.1/../../../../arm-none-eabi/lib/thumb/v7e-m/fpv4-sp/hard/libc_nano.a(lib_a-findfp.o)
 .text._cleanup_r
                0x00000000080051f4        0xc /opt/st/stm32cubeide_1.3.0/plugins/com.st.stm32cube.ide.mcu.externaltools.gnu-tools-for-stm32.7-2018-q2-update.linux64_1.0.0.201904181610/tools/bin/../lib/gcc/arm-none-eabi/7.3.1/../../../../arm-none-eabi/lib/thumb/v7e-m/fpv4-sp/hard/libc_nano.a(lib_a-findfp.o)
                0x00000000080051f4                _cleanup_r
 .text.__sfmoreglue
                0x0000000008005200       0x2c /opt/st/stm32cubeide_1.3.0/plugins/com.st.stm32cube.ide.mcu.externaltools.gnu-tools-for-stm32.7-2018-q2-update.linux64_1.0.0.201904181610/tools/bin/../lib/gcc/arm-none-eabi/7.3.1/../../../../arm-none-eabi/lib/thumb/v7e-m/fpv4-sp/hard/libc_nano.a(lib_a-findfp.o)
                0x0000000008005200                __sfmoreglue
 .text.__sinit  0x000000000800522c       0x60 /opt/st/stm32cubeide_1.3.0/plugins/com.st.stm32cube.ide.mcu.externaltools.gnu-tools-for-stm32.7-2018-q2-update.linux64_1.0.0.201904181610/tools/bin/../lib/gcc/arm-none-eabi/7.3.1/../../../../arm-none-eabi/lib/thumb/v7e-m/fpv4-sp/hard/libc_nano.a(lib_a-findfp.o)
                0x000000000800522c                __sinit
 .text.__sfp    0x000000000800528c       0x78 /opt/st/stm32cubeide_1.3.0/plugins/com.st.stm32cube.ide.mcu.externaltools.gnu-tools-for-stm32.7-2018-q2-update.linux64_1.0.0.201904181610/tools/bin/../lib/gcc/arm-none-eabi/7.3.1/../../../../arm-none-eabi/lib/thumb/v7e-m/fpv4-sp/hard/libc_nano.a(lib_a-findfp.o)
                0x000000000800528c                __sfp
 .text._fwalk_reent
                0x0000000008005304       0x3c /opt/st/stm32cubeide_1.3.0/plugins/com.st.stm32cube.ide.mcu.externaltools.gnu-tools-for-stm32.7-2018-q2-update.linux64_1.0.0.201904181610/tools/bin/../lib/gcc/arm-none-eabi/7.3.1/../../../../arm-none-eabi/lib/thumb/v7e-m/fpv4-sp/hard/libc_nano.a(lib_a-fwalk.o)
                0x0000000008005304                _fwalk_reent
 .text.__malloc_lock
                0x0000000008005340        0x2 /opt/st/stm32cubeide_1.3.0/plugins/com.st.stm32cube.ide.mcu.externaltools.gnu-tools-for-stm32.7-2018-q2-update.linux64_1.0.0.201904181610/tools/bin/../lib/gcc/arm-none-eabi/7.3.1/../../../../arm-none-eabi/lib/thumb/v7e-m/fpv4-sp/hard/libc_nano.a(lib_a-mlock.o)
                0x0000000008005340                __malloc_lock
 .text.__malloc_unlock
                0x0000000008005342        0x2 /opt/st/stm32cubeide_1.3.0/plugins/com.st.stm32cube.ide.mcu.externaltools.gnu-tools-for-stm32.7-2018-q2-update.linux64_1.0.0.201904181610/tools/bin/../lib/gcc/arm-none-eabi/7.3.1/../../../../arm-none-eabi/lib/thumb/v7e-m/fpv4-sp/hard/libc_nano.a(lib_a-mlock.o)
                0x0000000008005342                __malloc_unlock
 .text.__sfputc_r
                0x0000000008005344       0x2e /opt/st/stm32cubeide_1.3.0/plugins/com.st.stm32cube.ide.mcu.externaltools.gnu-tools-for-stm32.7-2018-q2-update.linux64_1.0.0.201904181610/tools/bin/../lib/gcc/arm-none-eabi/7.3.1/../../../../arm-none-eabi/lib/thumb/v7e-m/fpv4-sp/hard/libc_nano.a(lib_a-nano-vfprintf.o)
 .text.__sfputs_r
                0x0000000008005372       0x24 /opt/st/stm32cubeide_1.3.0/plugins/com.st.stm32cube.ide.mcu.externaltools.gnu-tools-for-stm32.7-2018-q2-update.linux64_1.0.0.201904181610/tools/bin/../lib/gcc/arm-none-eabi/7.3.1/../../../../arm-none-eabi/lib/thumb/v7e-m/fpv4-sp/hard/libc_nano.a(lib_a-nano-vfprintf.o)
                0x0000000008005372                __sfputs_r
 *fill*         0x0000000008005396        0x2 
 .text._vfprintf_r
                0x0000000008005398      0x22c /opt/st/stm32cubeide_1.3.0/plugins/com.st.stm32cube.ide.mcu.externaltools.gnu-tools-for-stm32.7-2018-q2-update.linux64_1.0.0.201904181610/tools/bin/../lib/gcc/arm-none-eabi/7.3.1/../../../../arm-none-eabi/lib/thumb/v7e-m/fpv4-sp/hard/libc_nano.a(lib_a-nano-vfprintf.o)
                0x0000000008005398                _vfiprintf_r
                0x0000000008005398                _vfprintf_r
 .text._printf_common
                0x00000000080055c4       0xea /opt/st/stm32cubeide_1.3.0/plugins/com.st.stm32cube.ide.mcu.externaltools.gnu-tools-for-stm32.7-2018-q2-update.linux64_1.0.0.201904181610/tools/bin/../lib/gcc/arm-none-eabi/7.3.1/../../../../arm-none-eabi/lib/thumb/v7e-m/fpv4-sp/hard/libc_nano.a(lib_a-nano-vfprintf_i.o)
                0x00000000080055c4                _printf_common
 *fill*         0x00000000080056ae        0x2 
 .text._printf_i
                0x00000000080056b0      0x224 /opt/st/stm32cubeide_1.3.0/plugins/com.st.stm32cube.ide.mcu.externaltools.gnu-tools-for-stm32.7-2018-q2-update.linux64_1.0.0.201904181610/tools/bin/../lib/gcc/arm-none-eabi/7.3.1/../../../../arm-none-eabi/lib/thumb/v7e-m/fpv4-sp/hard/libc_nano.a(lib_a-nano-vfprintf_i.o)
                0x00000000080056b0                _printf_i
 .text.__sread  0x00000000080058d4       0x22 /opt/st/stm32cubeide_1.3.0/plugins/com.st.stm32cube.ide.mcu.externaltools.gnu-tools-for-stm32.7-2018-q2-update.linux64_1.0.0.201904181610/tools/bin/../lib/gcc/arm-none-eabi/7.3.1/../../../../arm-none-eabi/lib/thumb/v7e-m/fpv4-sp/hard/libc_nano.a(lib_a-stdio.o)
                0x00000000080058d4                __sread
 .text.__swrite
                0x00000000080058f6       0x38 /opt/st/stm32cubeide_1.3.0/plugins/com.st.stm32cube.ide.mcu.externaltools.gnu-tools-for-stm32.7-2018-q2-update.linux64_1.0.0.201904181610/tools/bin/../lib/gcc/arm-none-eabi/7.3.1/../../../../arm-none-eabi/lib/thumb/v7e-m/fpv4-sp/hard/libc_nano.a(lib_a-stdio.o)
                0x00000000080058f6                __swrite
 .text.__sseek  0x000000000800592e       0x24 /opt/st/stm32cubeide_1.3.0/plugins/com.st.stm32cube.ide.mcu.externaltools.gnu-tools-for-stm32.7-2018-q2-update.linux64_1.0.0.201904181610/tools/bin/../lib/gcc/arm-none-eabi/7.3.1/../../../../arm-none-eabi/lib/thumb/v7e-m/fpv4-sp/hard/libc_nano.a(lib_a-stdio.o)
                0x000000000800592e                __sseek
 .text.__sclose
                0x0000000008005952        0x8 /opt/st/stm32cubeide_1.3.0/plugins/com.st.stm32cube.ide.mcu.externaltools.gnu-tools-for-stm32.7-2018-q2-update.linux64_1.0.0.201904181610/tools/bin/../lib/gcc/arm-none-eabi/7.3.1/../../../../arm-none-eabi/lib/thumb/v7e-m/fpv4-sp/hard/libc_nano.a(lib_a-stdio.o)
                0x0000000008005952                __sclose
 *fill*         0x000000000800595a        0x2 
 .text.__swbuf_r
                0x000000000800595c       0xa4 /opt/st/stm32cubeide_1.3.0/plugins/com.st.stm32cube.ide.mcu.externaltools.gnu-tools-for-stm32.7-2018-q2-update.linux64_1.0.0.201904181610/tools/bin/../lib/gcc/arm-none-eabi/7.3.1/../../../../arm-none-eabi/lib/thumb/v7e-m/fpv4-sp/hard/libc_nano.a(lib_a-wbuf.o)
                0x000000000800595c                __swbuf_r
 .text._write_r
                0x0000000008005a00       0x24 /opt/st/stm32cubeide_1.3.0/plugins/com.st.stm32cube.ide.mcu.externaltools.gnu-tools-for-stm32.7-2018-q2-update.linux64_1.0.0.201904181610/tools/bin/../lib/gcc/arm-none-eabi/7.3.1/../../../../arm-none-eabi/lib/thumb/v7e-m/fpv4-sp/hard/libc_nano.a(lib_a-writer.o)
                0x0000000008005a00                _write_r
 .text.__swsetup_r
                0x0000000008005a24       0xdc /opt/st/stm32cubeide_1.3.0/plugins/com.st.stm32cube.ide.mcu.externaltools.gnu-tools-for-stm32.7-2018-q2-update.linux64_1.0.0.201904181610/tools/bin/../lib/gcc/arm-none-eabi/7.3.1/../../../../arm-none-eabi/lib/thumb/v7e-m/fpv4-sp/hard/libc_nano.a(lib_a-wsetup.o)
                0x0000000008005a24                __swsetup_r
 .text._close_r
                0x0000000008005b00       0x20 /opt/st/stm32cubeide_1.3.0/plugins/com.st.stm32cube.ide.mcu.externaltools.gnu-tools-for-stm32.7-2018-q2-update.linux64_1.0.0.201904181610/tools/bin/../lib/gcc/arm-none-eabi/7.3.1/../../../../arm-none-eabi/lib/thumb/v7e-m/fpv4-sp/hard/libc_nano.a(lib_a-closer.o)
                0x0000000008005b00                _close_r
 .text.__sflush_r
                0x0000000008005b20      0x10c /opt/st/stm32cubeide_1.3.0/plugins/com.st.stm32cube.ide.mcu.externaltools.gnu-tools-for-stm32.7-2018-q2-update.linux64_1.0.0.201904181610/tools/bin/../lib/gcc/arm-none-eabi/7.3.1/../../../../arm-none-eabi/lib/thumb/v7e-m/fpv4-sp/hard/libc_nano.a(lib_a-fflush.o)
                0x0000000008005b20                __sflush_r
 .text._fflush_r
                0x0000000008005c2c       0x54 /opt/st/stm32cubeide_1.3.0/plugins/com.st.stm32cube.ide.mcu.externaltools.gnu-tools-for-stm32.7-2018-q2-update.linux64_1.0.0.201904181610/tools/bin/../lib/gcc/arm-none-eabi/7.3.1/../../../../arm-none-eabi/lib/thumb/v7e-m/fpv4-sp/hard/libc_nano.a(lib_a-fflush.o)
                0x0000000008005c2c                _fflush_r
 .text._lseek_r
                0x0000000008005c80       0x24 /opt/st/stm32cubeide_1.3.0/plugins/com.st.stm32cube.ide.mcu.externaltools.gnu-tools-for-stm32.7-2018-q2-update.linux64_1.0.0.201904181610/tools/bin/../lib/gcc/arm-none-eabi/7.3.1/../../../../arm-none-eabi/lib/thumb/v7e-m/fpv4-sp/hard/libc_nano.a(lib_a-lseekr.o)
                0x0000000008005c80                _lseek_r
 .text.__swhatbuf_r
                0x0000000008005ca4       0x48 /opt/st/stm32cubeide_1.3.0/plugins/com.st.stm32cube.ide.mcu.externaltools.gnu-tools-for-stm32.7-2018-q2-update.linux64_1.0.0.201904181610/tools/bin/../lib/gcc/arm-none-eabi/7.3.1/../../../../arm-none-eabi/lib/thumb/v7e-m/fpv4-sp/hard/libc_nano.a(lib_a-makebuf.o)
                0x0000000008005ca4                __swhatbuf_r
 .text.__smakebuf_r
                0x0000000008005cec       0x80 /opt/st/stm32cubeide_1.3.0/plugins/com.st.stm32cube.ide.mcu.externaltools.gnu-tools-for-stm32.7-2018-q2-update.linux64_1.0.0.201904181610/tools/bin/../lib/gcc/arm-none-eabi/7.3.1/../../../../arm-none-eabi/lib/thumb/v7e-m/fpv4-sp/hard/libc_nano.a(lib_a-makebuf.o)
                0x0000000008005cec                __smakebuf_r
 .text._read_r  0x0000000008005d6c       0x24 /opt/st/stm32cubeide_1.3.0/plugins/com.st.stm32cube.ide.mcu.externaltools.gnu-tools-for-stm32.7-2018-q2-update.linux64_1.0.0.201904181610/tools/bin/../lib/gcc/arm-none-eabi/7.3.1/../../../../arm-none-eabi/lib/thumb/v7e-m/fpv4-sp/hard/libc_nano.a(lib_a-readr.o)
                0x0000000008005d6c                _read_r
 .text._fstat_r
                0x0000000008005d90       0x24 /opt/st/stm32cubeide_1.3.0/plugins/com.st.stm32cube.ide.mcu.externaltools.gnu-tools-for-stm32.7-2018-q2-update.linux64_1.0.0.201904181610/tools/bin/../lib/gcc/arm-none-eabi/7.3.1/../../../../arm-none-eabi/lib/thumb/v7e-m/fpv4-sp/hard/libc_nano.a(lib_a-fstatr.o)
                0x0000000008005d90                _fstat_r
 .text._isatty_r
                0x0000000008005db4       0x20 /opt/st/stm32cubeide_1.3.0/plugins/com.st.stm32cube.ide.mcu.externaltools.gnu-tools-for-stm32.7-2018-q2-update.linux64_1.0.0.201904181610/tools/bin/../lib/gcc/arm-none-eabi/7.3.1/../../../../arm-none-eabi/lib/thumb/v7e-m/fpv4-sp/hard/libc_nano.a(lib_a-isattyr.o)
                0x0000000008005db4                _isatty_r
 *(.glue_7)
 .glue_7        0x0000000008005dd4        0x0 linker stubs
 *(.glue_7t)
 .glue_7t       0x0000000008005dd4        0x0 linker stubs
 *(.eh_frame)
 .eh_frame      0x0000000008005dd4        0x0 /opt/st/stm32cubeide_1.3.0/plugins/com.st.stm32cube.ide.mcu.externaltools.gnu-tools-for-stm32.7-2018-q2-update.linux64_1.0.0.201904181610/tools/bin/../lib/gcc/arm-none-eabi/7.3.1/thumb/v7e-m/fpv4-sp/hard/crtbegin.o
 *(.init)
 .init          0x0000000008005dd4        0x4 /opt/st/stm32cubeide_1.3.0/plugins/com.st.stm32cube.ide.mcu.externaltools.gnu-tools-for-stm32.7-2018-q2-update.linux64_1.0.0.201904181610/tools/bin/../lib/gcc/arm-none-eabi/7.3.1/thumb/v7e-m/fpv4-sp/hard/crti.o
                0x0000000008005dd4                _init
 .init          0x0000000008005dd8        0x8 /opt/st/stm32cubeide_1.3.0/plugins/com.st.stm32cube.ide.mcu.externaltools.gnu-tools-for-stm32.7-2018-q2-update.linux64_1.0.0.201904181610/tools/bin/../lib/gcc/arm-none-eabi/7.3.1/thumb/v7e-m/fpv4-sp/hard/crtn.o
 *(.fini)
 .fini          0x0000000008005de0        0x4 /opt/st/stm32cubeide_1.3.0/plugins/com.st.stm32cube.ide.mcu.externaltools.gnu-tools-for-stm32.7-2018-q2-update.linux64_1.0.0.201904181610/tools/bin/../lib/gcc/arm-none-eabi/7.3.1/thumb/v7e-m/fpv4-sp/hard/crti.o
                0x0000000008005de0                _fini
 .fini          0x0000000008005de4        0x8 /opt/st/stm32cubeide_1.3.0/plugins/com.st.stm32cube.ide.mcu.externaltools.gnu-tools-for-stm32.7-2018-q2-update.linux64_1.0.0.201904181610/tools/bin/../lib/gcc/arm-none-eabi/7.3.1/thumb/v7e-m/fpv4-sp/hard/crtn.o
                0x0000000008005dec                . = ALIGN (0x4)
                0x0000000008005dec                _etext = .

.vfp11_veneer   0x0000000008005dec        0x0
 .vfp11_veneer  0x0000000008005dec        0x0 linker stubs

.v4_bx          0x0000000008005dec        0x0
 .v4_bx         0x0000000008005dec        0x0 linker stubs

.iplt           0x0000000008005dec        0x0
 .iplt          0x0000000008005dec        0x0 /opt/st/stm32cubeide_1.3.0/plugins/com.st.stm32cube.ide.mcu.externaltools.gnu-tools-for-stm32.7-2018-q2-update.linux64_1.0.0.201904181610/tools/bin/../lib/gcc/arm-none-eabi/7.3.1/thumb/v7e-m/fpv4-sp/hard/crtbegin.o

.rodata         0x0000000008005dec      0x108
                0x0000000008005dec                . = ALIGN (0x4)
 *(.rodata)
 .rodata        0x0000000008005dec       0x15 Core/Inc/CAN/CAN.o
 *(.rodata*)
 *fill*         0x0000000008005e01        0x3 
 .rodata._ZTV7BLMotor
                0x0000000008005e04       0x10 Core/Src/main.o
                0x0000000008005e04                vtable for BLMotor
 .rodata._ZTV5Motor
                0x0000000008005e14       0x10 Core/Src/main.o
                0x0000000008005e14                vtable for Motor
 .rodata.AHBPrescTable
                0x0000000008005e24       0x10 Core/Src/system_stm32f3xx.o
                0x0000000008005e24                AHBPrescTable
 .rodata.APBPrescTable
                0x0000000008005e34        0x8 Core/Src/system_stm32f3xx.o
                0x0000000008005e34                APBPrescTable
 .rodata.aPLLMULFactorTable
                0x0000000008005e3c       0x10 Drivers/STM32F3xx_HAL_Driver/Src/stm32f3xx_hal_rcc.o
                0x0000000008005e3c                aPLLMULFactorTable
 .rodata.aPredivFactorTable
                0x0000000008005e4c       0x10 Drivers/STM32F3xx_HAL_Driver/Src/stm32f3xx_hal_rcc.o
                0x0000000008005e4c                aPredivFactorTable
 .rodata._global_impure_ptr
                0x0000000008005e5c        0x4 /opt/st/stm32cubeide_1.3.0/plugins/com.st.stm32cube.ide.mcu.externaltools.gnu-tools-for-stm32.7-2018-q2-update.linux64_1.0.0.201904181610/tools/bin/../lib/gcc/arm-none-eabi/7.3.1/../../../../arm-none-eabi/lib/thumb/v7e-m/fpv4-sp/hard/libc_nano.a(lib_a-impure.o)
                0x0000000008005e5c                _global_impure_ptr
 .rodata.__sf_fake_stderr
                0x0000000008005e60       0x20 /opt/st/stm32cubeide_1.3.0/plugins/com.st.stm32cube.ide.mcu.externaltools.gnu-tools-for-stm32.7-2018-q2-update.linux64_1.0.0.201904181610/tools/bin/../lib/gcc/arm-none-eabi/7.3.1/../../../../arm-none-eabi/lib/thumb/v7e-m/fpv4-sp/hard/libc_nano.a(lib_a-findfp.o)
                0x0000000008005e60                __sf_fake_stderr
 .rodata.__sf_fake_stdin
                0x0000000008005e80       0x20 /opt/st/stm32cubeide_1.3.0/plugins/com.st.stm32cube.ide.mcu.externaltools.gnu-tools-for-stm32.7-2018-q2-update.linux64_1.0.0.201904181610/tools/bin/../lib/gcc/arm-none-eabi/7.3.1/../../../../arm-none-eabi/lib/thumb/v7e-m/fpv4-sp/hard/libc_nano.a(lib_a-findfp.o)
                0x0000000008005e80                __sf_fake_stdin
 .rodata.__sf_fake_stdout
                0x0000000008005ea0       0x20 /opt/st/stm32cubeide_1.3.0/plugins/com.st.stm32cube.ide.mcu.externaltools.gnu-tools-for-stm32.7-2018-q2-update.linux64_1.0.0.201904181610/tools/bin/../lib/gcc/arm-none-eabi/7.3.1/../../../../arm-none-eabi/lib/thumb/v7e-m/fpv4-sp/hard/libc_nano.a(lib_a-findfp.o)
                0x0000000008005ea0                __sf_fake_stdout
 .rodata._vfprintf_r.str1.1
                0x0000000008005ec0       0x11 /opt/st/stm32cubeide_1.3.0/plugins/com.st.stm32cube.ide.mcu.externaltools.gnu-tools-for-stm32.7-2018-q2-update.linux64_1.0.0.201904181610/tools/bin/../lib/gcc/arm-none-eabi/7.3.1/../../../../arm-none-eabi/lib/thumb/v7e-m/fpv4-sp/hard/libc_nano.a(lib_a-nano-vfprintf.o)
 .rodata._printf_i.str1.1
                0x0000000008005ed1       0x22 /opt/st/stm32cubeide_1.3.0/plugins/com.st.stm32cube.ide.mcu.externaltools.gnu-tools-for-stm32.7-2018-q2-update.linux64_1.0.0.201904181610/tools/bin/../lib/gcc/arm-none-eabi/7.3.1/../../../../arm-none-eabi/lib/thumb/v7e-m/fpv4-sp/hard/libc_nano.a(lib_a-nano-vfprintf_i.o)
                0x0000000008005ef4                . = ALIGN (0x4)
 *fill*         0x0000000008005ef3        0x1 

.rel.dyn        0x0000000008005ef4        0x0
 .rel.iplt      0x0000000008005ef4        0x0 /opt/st/stm32cubeide_1.3.0/plugins/com.st.stm32cube.ide.mcu.externaltools.gnu-tools-for-stm32.7-2018-q2-update.linux64_1.0.0.201904181610/tools/bin/../lib/gcc/arm-none-eabi/7.3.1/thumb/v7e-m/fpv4-sp/hard/crtbegin.o

.ARM.extab      0x0000000008005ef4        0x0
                0x0000000008005ef4                . = ALIGN (0x4)
 *(.ARM.extab* .gnu.linkonce.armextab.*)
                0x0000000008005ef4                . = ALIGN (0x4)

.ARM            0x0000000008005ef4        0x0
                0x0000000008005ef4                . = ALIGN (0x4)
                0x0000000008005ef4                __exidx_start = .
 *(.ARM.exidx*)
                0x0000000008005ef4                __exidx_end = .
                0x0000000008005ef4                . = ALIGN (0x4)

.preinit_array  0x0000000008005ef4        0x0
                0x0000000008005ef4                . = ALIGN (0x4)
                0x0000000008005ef4                PROVIDE (__preinit_array_start = .)
 *(.preinit_array*)
                0x0000000008005ef4                PROVIDE (__preinit_array_end = .)
                0x0000000008005ef4                . = ALIGN (0x4)

.init_array     0x0000000008005ef4        0x4
                0x0000000008005ef4                . = ALIGN (0x4)
                0x0000000008005ef4                PROVIDE (__init_array_start = .)
 *(SORT_BY_NAME(.init_array.*))
 *(.init_array*)
 .init_array    0x0000000008005ef4        0x4 /opt/st/stm32cubeide_1.3.0/plugins/com.st.stm32cube.ide.mcu.externaltools.gnu-tools-for-stm32.7-2018-q2-update.linux64_1.0.0.201904181610/tools/bin/../lib/gcc/arm-none-eabi/7.3.1/thumb/v7e-m/fpv4-sp/hard/crtbegin.o
                0x0000000008005ef8                PROVIDE (__init_array_end = .)
                0x0000000008005ef8                . = ALIGN (0x4)

.fini_array     0x0000000008005ef8        0x4
                0x0000000008005ef8                . = ALIGN (0x4)
                [!provide]                        PROVIDE (__fini_array_start = .)
 *(SORT_BY_NAME(.fini_array.*))
 *(.fini_array*)
 .fini_array    0x0000000008005ef8        0x4 /opt/st/stm32cubeide_1.3.0/plugins/com.st.stm32cube.ide.mcu.externaltools.gnu-tools-for-stm32.7-2018-q2-update.linux64_1.0.0.201904181610/tools/bin/../lib/gcc/arm-none-eabi/7.3.1/thumb/v7e-m/fpv4-sp/hard/crtbegin.o
                [!provide]                        PROVIDE (__fini_array_end = .)
                0x0000000008005efc                . = ALIGN (0x4)
                0x0000000008005efc                _sidata = LOADADDR (.data)

.data           0x0000000020000000       0x70 load address 0x0000000008005efc
                0x0000000020000000                . = ALIGN (0x4)
                0x0000000020000000                _sdata = .
 *(.data)
 *(.data*)
 .data.SystemCoreClock
                0x0000000020000000        0x4 Core/Src/system_stm32f3xx.o
                0x0000000020000000                SystemCoreClock
 .data.uwTickPrio
                0x0000000020000004        0x4 Drivers/STM32F3xx_HAL_Driver/Src/stm32f3xx_hal.o
                0x0000000020000004                uwTickPrio
 .data.uwTickFreq
                0x0000000020000008        0x1 Drivers/STM32F3xx_HAL_Driver/Src/stm32f3xx_hal.o
                0x0000000020000008                uwTickFreq
 *fill*         0x0000000020000009        0x3 
 .data._impure_ptr
                0x000000002000000c        0x4 /opt/st/stm32cubeide_1.3.0/plugins/com.st.stm32cube.ide.mcu.externaltools.gnu-tools-for-stm32.7-2018-q2-update.linux64_1.0.0.201904181610/tools/bin/../lib/gcc/arm-none-eabi/7.3.1/../../../../arm-none-eabi/lib/thumb/v7e-m/fpv4-sp/hard/libc_nano.a(lib_a-impure.o)
                0x000000002000000c                _impure_ptr
 .data.impure_data
                0x0000000020000010       0x60 /opt/st/stm32cubeide_1.3.0/plugins/com.st.stm32cube.ide.mcu.externaltools.gnu-tools-for-stm32.7-2018-q2-update.linux64_1.0.0.201904181610/tools/bin/../lib/gcc/arm-none-eabi/7.3.1/../../../../arm-none-eabi/lib/thumb/v7e-m/fpv4-sp/hard/libc_nano.a(lib_a-impure.o)
                0x0000000020000070                . = ALIGN (0x4)
                0x0000000020000070                _edata = .

.igot.plt       0x0000000020000070        0x0 load address 0x0000000008005f6c
 .igot.plt      0x0000000020000070        0x0 /opt/st/stm32cubeide_1.3.0/plugins/com.st.stm32cube.ide.mcu.externaltools.gnu-tools-for-stm32.7-2018-q2-update.linux64_1.0.0.201904181610/tools/bin/../lib/gcc/arm-none-eabi/7.3.1/thumb/v7e-m/fpv4-sp/hard/crtbegin.o
                0x0000000020000070                . = ALIGN (0x4)

.bss            0x0000000020000070      0x1a0 load address 0x0000000008005f6c
                0x0000000020000070                _sbss = .
                0x0000000020000070                __bss_start__ = _sbss
 *(.bss)
 .bss           0x0000000020000070       0x1c /opt/st/stm32cubeide_1.3.0/plugins/com.st.stm32cube.ide.mcu.externaltools.gnu-tools-for-stm32.7-2018-q2-update.linux64_1.0.0.201904181610/tools/bin/../lib/gcc/arm-none-eabi/7.3.1/thumb/v7e-m/fpv4-sp/hard/crtbegin.o
 *(.bss*)
 .bss.RxFIFO_Data
                0x000000002000008c        0x6 Core/Inc/CAN/CAN.o
                0x000000002000008c                RxFIFO_Data
 *fill*         0x0000000020000092        0x2 
 .bss.RXmsg     0x0000000020000094       0x1c Core/Inc/CAN/CAN.o
                0x0000000020000094                RXmsg
 .bss.rx_led    0x00000000200000b0        0x4 Core/Inc/CAN/CAN.o
                0x00000000200000b0                rx_led
 .bss.CanRxFlag
                0x00000000200000b4        0x1 Core/Inc/CAN/CAN.o
                0x00000000200000b4                CanRxFlag
 *fill*         0x00000000200000b5        0x3 
 .bss.heap_end.6424
                0x00000000200000b8        0x4 Core/Src/sysmem.o
 .bss.__malloc_free_list
                0x00000000200000bc        0x4 /opt/st/stm32cubeide_1.3.0/plugins/com.st.stm32cube.ide.mcu.externaltools.gnu-tools-for-stm32.7-2018-q2-update.linux64_1.0.0.201904181610/tools/bin/../lib/gcc/arm-none-eabi/7.3.1/../../../../arm-none-eabi/lib/thumb/v7e-m/fpv4-sp/hard/libc_nano.a(lib_a-nano-mallocr.o)
                0x00000000200000bc                __malloc_free_list
 .bss.__malloc_sbrk_start
                0x00000000200000c0        0x4 /opt/st/stm32cubeide_1.3.0/plugins/com.st.stm32cube.ide.mcu.externaltools.gnu-tools-for-stm32.7-2018-q2-update.linux64_1.0.0.201904181610/tools/bin/../lib/gcc/arm-none-eabi/7.3.1/../../../../arm-none-eabi/lib/thumb/v7e-m/fpv4-sp/hard/libc_nano.a(lib_a-nano-mallocr.o)
                0x00000000200000c0                __malloc_sbrk_start
 *(COMMON)
 COMMON         0x00000000200000c4       0x28 Core/Src/can.o
                0x00000000200000c4                hcan
 COMMON         0x00000000200000ec       0x98 Core/Src/tim.o
                0x00000000200000ec                htim3
                0x0000000020000138                htim2
 COMMON         0x0000000020000184       0x84 Core/Src/usart.o
                0x0000000020000184                huart1
 COMMON         0x0000000020000208        0x4 Drivers/STM32F3xx_HAL_Driver/Src/stm32f3xx_hal.o
                0x0000000020000208                uwTick
 COMMON         0x000000002000020c        0x4 /opt/st/stm32cubeide_1.3.0/plugins/com.st.stm32cube.ide.mcu.externaltools.gnu-tools-for-stm32.7-2018-q2-update.linux64_1.0.0.201904181610/tools/bin/../lib/gcc/arm-none-eabi/7.3.1/../../../../arm-none-eabi/lib/thumb/v7e-m/fpv4-sp/hard/libc_nano.a(lib_a-reent.o)
                0x000000002000020c                errno
                0x0000000020000210                . = ALIGN (0x4)
                0x0000000020000210                _ebss = .
                0x0000000020000210                __bss_end__ = _ebss

._user_heap_stack
                0x0000000020000210      0x600 load address 0x0000000008005f6c
                0x0000000020000210                . = ALIGN (0x8)
                0x0000000020000210                PROVIDE (end = .)
                [!provide]                        PROVIDE (_end = .)
                0x0000000020000410                . = (. + _Min_Heap_Size)
 *fill*         0x0000000020000210      0x200 
                0x0000000020000810                . = (. + _Min_Stack_Size)
 *fill*         0x0000000020000410      0x400 
                0x0000000020000810                . = ALIGN (0x8)

/DISCARD/
 libc.a(*)
 libm.a(*)
 libgcc.a(*)

.ARM.attributes
                0x0000000000000000       0x30
 *(.ARM.attributes)
 .ARM.attributes
                0x0000000000000000       0x22 /opt/st/stm32cubeide_1.3.0/plugins/com.st.stm32cube.ide.mcu.externaltools.gnu-tools-for-stm32.7-2018-q2-update.linux64_1.0.0.201904181610/tools/bin/../lib/gcc/arm-none-eabi/7.3.1/thumb/v7e-m/fpv4-sp/hard/crti.o
 .ARM.attributes
                0x0000000000000022       0x34 /opt/st/stm32cubeide_1.3.0/plugins/com.st.stm32cube.ide.mcu.externaltools.gnu-tools-for-stm32.7-2018-q2-update.linux64_1.0.0.201904181610/tools/bin/../lib/gcc/arm-none-eabi/7.3.1/thumb/v7e-m/fpv4-sp/hard/crtbegin.o
 .ARM.attributes
                0x0000000000000056       0x39 Core/Inc/Application/Application.o
 .ARM.attributes
                0x000000000000008f       0x39 Core/Inc/CAN/CAN.o
 .ARM.attributes
                0x00000000000000c8       0x39 Core/Inc/Motor/Motor.o
 .ARM.attributes
                0x0000000000000101       0x39 Core/Src/can.o
 .ARM.attributes
                0x000000000000013a       0x39 Core/Src/gpio.o
 .ARM.attributes
                0x0000000000000173       0x39 Core/Src/main.o
 .ARM.attributes
                0x00000000000001ac       0x39 Core/Src/scanf.o
 .ARM.attributes
                0x00000000000001e5       0x39 Core/Src/stm32f3xx_hal_msp.o
 .ARM.attributes
                0x000000000000021e       0x39 Core/Src/stm32f3xx_it.o
 .ARM.attributes
                0x0000000000000257       0x39 Core/Src/syscalls.o
 .ARM.attributes
                0x0000000000000290       0x39 Core/Src/sysmem.o
 .ARM.attributes
                0x00000000000002c9       0x39 Core/Src/system_stm32f3xx.o
 .ARM.attributes
                0x0000000000000302       0x39 Core/Src/tim.o
 .ARM.attributes
                0x000000000000033b       0x39 Core/Src/usart.o
 .ARM.attributes
                0x0000000000000374       0x21 Core/Startup/startup_stm32f303k8tx.o
 .ARM.attributes
                0x0000000000000395       0x39 Drivers/STM32F3xx_HAL_Driver/Src/stm32f3xx_hal.o
 .ARM.attributes
                0x00000000000003ce       0x39 Drivers/STM32F3xx_HAL_Driver/Src/stm32f3xx_hal_can.o
 .ARM.attributes
                0x0000000000000407       0x39 Drivers/STM32F3xx_HAL_Driver/Src/stm32f3xx_hal_cortex.o
 .ARM.attributes
                0x0000000000000440       0x39 Drivers/STM32F3xx_HAL_Driver/Src/stm32f3xx_hal_gpio.o
 .ARM.attributes
                0x0000000000000479       0x39 Drivers/STM32F3xx_HAL_Driver/Src/stm32f3xx_hal_rcc.o
 .ARM.attributes
                0x00000000000004b2       0x39 Drivers/STM32F3xx_HAL_Driver/Src/stm32f3xx_hal_rcc_ex.o
 .ARM.attributes
                0x00000000000004eb       0x39 Drivers/STM32F3xx_HAL_Driver/Src/stm32f3xx_hal_tim.o
 .ARM.attributes
                0x0000000000000524       0x39 Drivers/STM32F3xx_HAL_Driver/Src/stm32f3xx_hal_tim_ex.o
 .ARM.attributes
                0x000000000000055d       0x39 Drivers/STM32F3xx_HAL_Driver/Src/stm32f3xx_hal_uart.o
 .ARM.attributes
                0x0000000000000596       0x34 /opt/st/stm32cubeide_1.3.0/plugins/com.st.stm32cube.ide.mcu.externaltools.gnu-tools-for-stm32.7-2018-q2-update.linux64_1.0.0.201904181610/tools/bin/../lib/gcc/arm-none-eabi/7.3.1/../../../../arm-none-eabi/lib/thumb/v7e-m/fpv4-sp/hard/libstdc++_nano.a(del_ops.o)
 .ARM.attributes
                0x00000000000005ca       0x34 /opt/st/stm32cubeide_1.3.0/plugins/com.st.stm32cube.ide.mcu.externaltools.gnu-tools-for-stm32.7-2018-q2-update.linux64_1.0.0.201904181610/tools/bin/../lib/gcc/arm-none-eabi/7.3.1/../../../../arm-none-eabi/lib/thumb/v7e-m/fpv4-sp/hard/libstdc++_nano.a(del_op.o)
 .ARM.attributes
                0x00000000000005fe       0x34 /opt/st/stm32cubeide_1.3.0/plugins/com.st.stm32cube.ide.mcu.externaltools.gnu-tools-for-stm32.7-2018-q2-update.linux64_1.0.0.201904181610/tools/bin/../lib/gcc/arm-none-eabi/7.3.1/../../../../arm-none-eabi/lib/thumb/v7e-m/fpv4-sp/hard/libc_nano.a(lib_a-errno.o)
 .ARM.attributes
                0x0000000000000632       0x34 /opt/st/stm32cubeide_1.3.0/plugins/com.st.stm32cube.ide.mcu.externaltools.gnu-tools-for-stm32.7-2018-q2-update.linux64_1.0.0.201904181610/tools/bin/../lib/gcc/arm-none-eabi/7.3.1/../../../../arm-none-eabi/lib/thumb/v7e-m/fpv4-sp/hard/libc_nano.a(lib_a-impure.o)
 .ARM.attributes
                0x0000000000000666       0x34 /opt/st/stm32cubeide_1.3.0/plugins/com.st.stm32cube.ide.mcu.externaltools.gnu-tools-for-stm32.7-2018-q2-update.linux64_1.0.0.201904181610/tools/bin/../lib/gcc/arm-none-eabi/7.3.1/../../../../arm-none-eabi/lib/thumb/v7e-m/fpv4-sp/hard/libc_nano.a(lib_a-init.o)
 .ARM.attributes
                0x000000000000069a       0x34 /opt/st/stm32cubeide_1.3.0/plugins/com.st.stm32cube.ide.mcu.externaltools.gnu-tools-for-stm32.7-2018-q2-update.linux64_1.0.0.201904181610/tools/bin/../lib/gcc/arm-none-eabi/7.3.1/../../../../arm-none-eabi/lib/thumb/v7e-m/fpv4-sp/hard/libc_nano.a(lib_a-malloc.o)
 .ARM.attributes
                0x00000000000006ce       0x34 /opt/st/stm32cubeide_1.3.0/plugins/com.st.stm32cube.ide.mcu.externaltools.gnu-tools-for-stm32.7-2018-q2-update.linux64_1.0.0.201904181610/tools/bin/../lib/gcc/arm-none-eabi/7.3.1/../../../../arm-none-eabi/lib/thumb/v7e-m/fpv4-sp/hard/libc_nano.a(lib_a-memset.o)
 .ARM.attributes
                0x0000000000000702       0x34 /opt/st/stm32cubeide_1.3.0/plugins/com.st.stm32cube.ide.mcu.externaltools.gnu-tools-for-stm32.7-2018-q2-update.linux64_1.0.0.201904181610/tools/bin/../lib/gcc/arm-none-eabi/7.3.1/../../../../arm-none-eabi/lib/thumb/v7e-m/fpv4-sp/hard/libc_nano.a(lib_a-nano-freer.o)
 .ARM.attributes
                0x0000000000000736       0x34 /opt/st/stm32cubeide_1.3.0/plugins/com.st.stm32cube.ide.mcu.externaltools.gnu-tools-for-stm32.7-2018-q2-update.linux64_1.0.0.201904181610/tools/bin/../lib/gcc/arm-none-eabi/7.3.1/../../../../arm-none-eabi/lib/thumb/v7e-m/fpv4-sp/hard/libc_nano.a(lib_a-nano-mallocr.o)
 .ARM.attributes
                0x000000000000076a       0x34 /opt/st/stm32cubeide_1.3.0/plugins/com.st.stm32cube.ide.mcu.externaltools.gnu-tools-for-stm32.7-2018-q2-update.linux64_1.0.0.201904181610/tools/bin/../lib/gcc/arm-none-eabi/7.3.1/../../../../arm-none-eabi/lib/thumb/v7e-m/fpv4-sp/hard/libc_nano.a(lib_a-printf.o)
 .ARM.attributes
                0x000000000000079e       0x34 /opt/st/stm32cubeide_1.3.0/plugins/com.st.stm32cube.ide.mcu.externaltools.gnu-tools-for-stm32.7-2018-q2-update.linux64_1.0.0.201904181610/tools/bin/../lib/gcc/arm-none-eabi/7.3.1/../../../../arm-none-eabi/lib/thumb/v7e-m/fpv4-sp/hard/libc_nano.a(lib_a-sbrkr.o)
 .ARM.attributes
                0x00000000000007d2       0x34 /opt/st/stm32cubeide_1.3.0/plugins/com.st.stm32cube.ide.mcu.externaltools.gnu-tools-for-stm32.7-2018-q2-update.linux64_1.0.0.201904181610/tools/bin/../lib/gcc/arm-none-eabi/7.3.1/../../../../arm-none-eabi/lib/thumb/v7e-m/fpv4-sp/hard/libc_nano.a(lib_a-findfp.o)
 .ARM.attributes
                0x0000000000000806       0x34 /opt/st/stm32cubeide_1.3.0/plugins/com.st.stm32cube.ide.mcu.externaltools.gnu-tools-for-stm32.7-2018-q2-update.linux64_1.0.0.201904181610/tools/bin/../lib/gcc/arm-none-eabi/7.3.1/../../../../arm-none-eabi/lib/thumb/v7e-m/fpv4-sp/hard/libc_nano.a(lib_a-fwalk.o)
 .ARM.attributes
                0x000000000000083a       0x34 /opt/st/stm32cubeide_1.3.0/plugins/com.st.stm32cube.ide.mcu.externaltools.gnu-tools-for-stm32.7-2018-q2-update.linux64_1.0.0.201904181610/tools/bin/../lib/gcc/arm-none-eabi/7.3.1/../../../../arm-none-eabi/lib/thumb/v7e-m/fpv4-sp/hard/libc_nano.a(lib_a-mlock.o)
 .ARM.attributes
                0x000000000000086e       0x34 /opt/st/stm32cubeide_1.3.0/plugins/com.st.stm32cube.ide.mcu.externaltools.gnu-tools-for-stm32.7-2018-q2-update.linux64_1.0.0.201904181610/tools/bin/../lib/gcc/arm-none-eabi/7.3.1/../../../../arm-none-eabi/lib/thumb/v7e-m/fpv4-sp/hard/libc_nano.a(lib_a-nano-vfprintf.o)
 .ARM.attributes
                0x00000000000008a2       0x34 /opt/st/stm32cubeide_1.3.0/plugins/com.st.stm32cube.ide.mcu.externaltools.gnu-tools-for-stm32.7-2018-q2-update.linux64_1.0.0.201904181610/tools/bin/../lib/gcc/arm-none-eabi/7.3.1/../../../../arm-none-eabi/lib/thumb/v7e-m/fpv4-sp/hard/libc_nano.a(lib_a-nano-vfprintf_i.o)
 .ARM.attributes
                0x00000000000008d6       0x34 /opt/st/stm32cubeide_1.3.0/plugins/com.st.stm32cube.ide.mcu.externaltools.gnu-tools-for-stm32.7-2018-q2-update.linux64_1.0.0.201904181610/tools/bin/../lib/gcc/arm-none-eabi/7.3.1/../../../../arm-none-eabi/lib/thumb/v7e-m/fpv4-sp/hard/libc_nano.a(lib_a-reent.o)
 .ARM.attributes
                0x000000000000090a       0x34 /opt/st/stm32cubeide_1.3.0/plugins/com.st.stm32cube.ide.mcu.externaltools.gnu-tools-for-stm32.7-2018-q2-update.linux64_1.0.0.201904181610/tools/bin/../lib/gcc/arm-none-eabi/7.3.1/../../../../arm-none-eabi/lib/thumb/v7e-m/fpv4-sp/hard/libc_nano.a(lib_a-stdio.o)
 .ARM.attributes
                0x000000000000093e       0x34 /opt/st/stm32cubeide_1.3.0/plugins/com.st.stm32cube.ide.mcu.externaltools.gnu-tools-for-stm32.7-2018-q2-update.linux64_1.0.0.201904181610/tools/bin/../lib/gcc/arm-none-eabi/7.3.1/../../../../arm-none-eabi/lib/thumb/v7e-m/fpv4-sp/hard/libc_nano.a(lib_a-wbuf.o)
 .ARM.attributes
                0x0000000000000972       0x34 /opt/st/stm32cubeide_1.3.0/plugins/com.st.stm32cube.ide.mcu.externaltools.gnu-tools-for-stm32.7-2018-q2-update.linux64_1.0.0.201904181610/tools/bin/../lib/gcc/arm-none-eabi/7.3.1/../../../../arm-none-eabi/lib/thumb/v7e-m/fpv4-sp/hard/libc_nano.a(lib_a-writer.o)
 .ARM.attributes
                0x00000000000009a6       0x34 /opt/st/stm32cubeide_1.3.0/plugins/com.st.stm32cube.ide.mcu.externaltools.gnu-tools-for-stm32.7-2018-q2-update.linux64_1.0.0.201904181610/tools/bin/../lib/gcc/arm-none-eabi/7.3.1/../../../../arm-none-eabi/lib/thumb/v7e-m/fpv4-sp/hard/libc_nano.a(lib_a-wsetup.o)
 .ARM.attributes
                0x00000000000009da       0x34 /opt/st/stm32cubeide_1.3.0/plugins/com.st.stm32cube.ide.mcu.externaltools.gnu-tools-for-stm32.7-2018-q2-update.linux64_1.0.0.201904181610/tools/bin/../lib/gcc/arm-none-eabi/7.3.1/../../../../arm-none-eabi/lib/thumb/v7e-m/fpv4-sp/hard/libc_nano.a(lib_a-closer.o)
 .ARM.attributes
                0x0000000000000a0e       0x34 /opt/st/stm32cubeide_1.3.0/plugins/com.st.stm32cube.ide.mcu.externaltools.gnu-tools-for-stm32.7-2018-q2-update.linux64_1.0.0.201904181610/tools/bin/../lib/gcc/arm-none-eabi/7.3.1/../../../../arm-none-eabi/lib/thumb/v7e-m/fpv4-sp/hard/libc_nano.a(lib_a-fflush.o)
 .ARM.attributes
                0x0000000000000a42       0x34 /opt/st/stm32cubeide_1.3.0/plugins/com.st.stm32cube.ide.mcu.externaltools.gnu-tools-for-stm32.7-2018-q2-update.linux64_1.0.0.201904181610/tools/bin/../lib/gcc/arm-none-eabi/7.3.1/../../../../arm-none-eabi/lib/thumb/v7e-m/fpv4-sp/hard/libc_nano.a(lib_a-lseekr.o)
 .ARM.attributes
                0x0000000000000a76       0x34 /opt/st/stm32cubeide_1.3.0/plugins/com.st.stm32cube.ide.mcu.externaltools.gnu-tools-for-stm32.7-2018-q2-update.linux64_1.0.0.201904181610/tools/bin/../lib/gcc/arm-none-eabi/7.3.1/../../../../arm-none-eabi/lib/thumb/v7e-m/fpv4-sp/hard/libc_nano.a(lib_a-makebuf.o)
 .ARM.attributes
                0x0000000000000aaa       0x20 /opt/st/stm32cubeide_1.3.0/plugins/com.st.stm32cube.ide.mcu.externaltools.gnu-tools-for-stm32.7-2018-q2-update.linux64_1.0.0.201904181610/tools/bin/../lib/gcc/arm-none-eabi/7.3.1/../../../../arm-none-eabi/lib/thumb/v7e-m/fpv4-sp/hard/libc_nano.a(lib_a-memchr.o)
 .ARM.attributes
                0x0000000000000aca       0x34 /opt/st/stm32cubeide_1.3.0/plugins/com.st.stm32cube.ide.mcu.externaltools.gnu-tools-for-stm32.7-2018-q2-update.linux64_1.0.0.201904181610/tools/bin/../lib/gcc/arm-none-eabi/7.3.1/../../../../arm-none-eabi/lib/thumb/v7e-m/fpv4-sp/hard/libc_nano.a(lib_a-readr.o)
 .ARM.attributes
                0x0000000000000afe       0x34 /opt/st/stm32cubeide_1.3.0/plugins/com.st.stm32cube.ide.mcu.externaltools.gnu-tools-for-stm32.7-2018-q2-update.linux64_1.0.0.201904181610/tools/bin/../lib/gcc/arm-none-eabi/7.3.1/../../../../arm-none-eabi/lib/thumb/v7e-m/fpv4-sp/hard/libc_nano.a(lib_a-fstatr.o)
 .ARM.attributes
                0x0000000000000b32       0x34 /opt/st/stm32cubeide_1.3.0/plugins/com.st.stm32cube.ide.mcu.externaltools.gnu-tools-for-stm32.7-2018-q2-update.linux64_1.0.0.201904181610/tools/bin/../lib/gcc/arm-none-eabi/7.3.1/../../../../arm-none-eabi/lib/thumb/v7e-m/fpv4-sp/hard/libc_nano.a(lib_a-isattyr.o)
 .ARM.attributes
                0x0000000000000b66       0x22 /opt/st/stm32cubeide_1.3.0/plugins/com.st.stm32cube.ide.mcu.externaltools.gnu-tools-for-stm32.7-2018-q2-update.linux64_1.0.0.201904181610/tools/bin/../lib/gcc/arm-none-eabi/7.3.1/thumb/v7e-m/fpv4-sp/hard/crtn.o
OUTPUT(SympleMotorControl.elf elf32-littlearm)

.debug_info     0x0000000000000000    0x13e86
 .debug_info    0x0000000000000000      0xf9a Core/Inc/Application/Application.o
 .debug_info    0x0000000000000f9a     0x17ed Core/Inc/CAN/CAN.o
 .debug_info    0x0000000000002787      0xc32 Core/Inc/Motor/Motor.o
 .debug_info    0x00000000000033b9      0x8f5 Core/Src/can.o
 .debug_info    0x0000000000003cae      0x3cf Core/Src/gpio.o
 .debug_info    0x000000000000407d     0x1a21 Core/Src/main.o
 .debug_info    0x0000000000005a9e      0xf1b Core/Src/scanf.o
 .debug_info    0x00000000000069b9      0x278 Core/Src/stm32f3xx_hal_msp.o
 .debug_info    0x0000000000006c31      0x5d6 Core/Src/stm32f3xx_it.o
 .debug_info    0x0000000000007207      0xebd Core/Src/syscalls.o
 .debug_info    0x00000000000080c4      0x91c Core/Src/sysmem.o
 .debug_info    0x00000000000089e0      0x45c Core/Src/system_stm32f3xx.o
 .debug_info    0x0000000000008e3c      0xae8 Core/Src/tim.o
 .debug_info    0x0000000000009924      0x933 Core/Src/usart.o
 .debug_info    0x000000000000a257       0x22 Core/Startup/startup_stm32f303k8tx.o
 .debug_info    0x000000000000a279      0x758 Drivers/STM32F3xx_HAL_Driver/Src/stm32f3xx_hal.o
 .debug_info    0x000000000000a9d1      0xf9a Drivers/STM32F3xx_HAL_Driver/Src/stm32f3xx_hal_can.o
 .debug_info    0x000000000000b96b      0xb54 Drivers/STM32F3xx_HAL_Driver/Src/stm32f3xx_hal_cortex.o
 .debug_info    0x000000000000c4bf      0x7c1 Drivers/STM32F3xx_HAL_Driver/Src/stm32f3xx_hal_gpio.o
 .debug_info    0x000000000000cc80     0x180f Drivers/STM32F3xx_HAL_Driver/Src/stm32f3xx_hal_rcc.o
 .debug_info    0x000000000000e48f      0x608 Drivers/STM32F3xx_HAL_Driver/Src/stm32f3xx_hal_rcc_ex.o
 .debug_info    0x000000000000ea97     0x2901 Drivers/STM32F3xx_HAL_Driver/Src/stm32f3xx_hal_tim.o
 .debug_info    0x0000000000011398     0x144c Drivers/STM32F3xx_HAL_Driver/Src/stm32f3xx_hal_tim_ex.o
 .debug_info    0x00000000000127e4     0x16a2 Drivers/STM32F3xx_HAL_Driver/Src/stm32f3xx_hal_uart.o

.debug_abbrev   0x0000000000000000     0x3073
 .debug_abbrev  0x0000000000000000      0x373 Core/Inc/Application/Application.o
 .debug_abbrev  0x0000000000000373      0x2e6 Core/Inc/CAN/CAN.o
 .debug_abbrev  0x0000000000000659      0x2d4 Core/Inc/Motor/Motor.o
 .debug_abbrev  0x000000000000092d      0x1b6 Core/Src/can.o
 .debug_abbrev  0x0000000000000ae3      0x134 Core/Src/gpio.o
 .debug_abbrev  0x0000000000000c17      0x42e Core/Src/main.o
 .debug_abbrev  0x0000000000001045      0x1de Core/Src/scanf.o
 .debug_abbrev  0x0000000000001223      0x109 Core/Src/stm32f3xx_hal_msp.o
 .debug_abbrev  0x000000000000132c      0x134 Core/Src/stm32f3xx_it.o
 .debug_abbrev  0x0000000000001460      0x261 Core/Src/syscalls.o
 .debug_abbrev  0x00000000000016c1      0x1bb Core/Src/sysmem.o
 .debug_abbrev  0x000000000000187c      0x12b Core/Src/system_stm32f3xx.o
 .debug_abbrev  0x00000000000019a7      0x1c4 Core/Src/tim.o
 .debug_abbrev  0x0000000000001b6b      0x199 Core/Src/usart.o
 .debug_abbrev  0x0000000000001d04       0x12 Core/Startup/startup_stm32f303k8tx.o
 .debug_abbrev  0x0000000000001d16      0x1c7 Drivers/STM32F3xx_HAL_Driver/Src/stm32f3xx_hal.o
 .debug_abbrev  0x0000000000001edd      0x1f2 Drivers/STM32F3xx_HAL_Driver/Src/stm32f3xx_hal_can.o
 .debug_abbrev  0x00000000000020cf      0x2d5 Drivers/STM32F3xx_HAL_Driver/Src/stm32f3xx_hal_cortex.o
 .debug_abbrev  0x00000000000023a4      0x1c0 Drivers/STM32F3xx_HAL_Driver/Src/stm32f3xx_hal_gpio.o
 .debug_abbrev  0x0000000000002564      0x28c Drivers/STM32F3xx_HAL_Driver/Src/stm32f3xx_hal_rcc.o
 .debug_abbrev  0x00000000000027f0      0x208 Drivers/STM32F3xx_HAL_Driver/Src/stm32f3xx_hal_rcc_ex.o
 .debug_abbrev  0x00000000000029f8      0x230 Drivers/STM32F3xx_HAL_Driver/Src/stm32f3xx_hal_tim.o
 .debug_abbrev  0x0000000000002c28      0x236 Drivers/STM32F3xx_HAL_Driver/Src/stm32f3xx_hal_tim_ex.o
 .debug_abbrev  0x0000000000002e5e      0x215 Drivers/STM32F3xx_HAL_Driver/Src/stm32f3xx_hal_uart.o

.debug_aranges  0x0000000000000000      0xf78
 .debug_aranges
                0x0000000000000000       0x30 Core/Inc/Application/Application.o
 .debug_aranges
                0x0000000000000030       0x38 Core/Inc/CAN/CAN.o
 .debug_aranges
                0x0000000000000068       0x48 Core/Inc/Motor/Motor.o
 .debug_aranges
                0x00000000000000b0       0x30 Core/Src/can.o
 .debug_aranges
                0x00000000000000e0       0x20 Core/Src/gpio.o
 .debug_aranges
                0x0000000000000100       0x80 Core/Src/main.o
 .debug_aranges
                0x0000000000000180       0x28 Core/Src/scanf.o
 .debug_aranges
                0x00000000000001a8       0x20 Core/Src/stm32f3xx_hal_msp.o
 .debug_aranges
                0x00000000000001c8       0x78 Core/Src/stm32f3xx_it.o
 .debug_aranges
                0x0000000000000240       0xa8 Core/Src/syscalls.o
 .debug_aranges
                0x00000000000002e8       0x20 Core/Src/sysmem.o
 .debug_aranges
                0x0000000000000308       0x28 Core/Src/system_stm32f3xx.o
 .debug_aranges
                0x0000000000000330       0x40 Core/Src/tim.o
 .debug_aranges
                0x0000000000000370       0x30 Core/Src/usart.o
 .debug_aranges
                0x00000000000003a0       0x28 Core/Startup/startup_stm32f303k8tx.o
 .debug_aranges
                0x00000000000003c8       0xe0 Drivers/STM32F3xx_HAL_Driver/Src/stm32f3xx_hal.o
 .debug_aranges
                0x00000000000004a8      0x138 Drivers/STM32F3xx_HAL_Driver/Src/stm32f3xx_hal_can.o
 .debug_aranges
                0x00000000000005e0      0x100 Drivers/STM32F3xx_HAL_Driver/Src/stm32f3xx_hal_cortex.o
 .debug_aranges
                0x00000000000006e0       0x58 Drivers/STM32F3xx_HAL_Driver/Src/stm32f3xx_hal_gpio.o
 .debug_aranges
                0x0000000000000738       0x88 Drivers/STM32F3xx_HAL_Driver/Src/stm32f3xx_hal_rcc.o
 .debug_aranges
                0x00000000000007c0       0x38 Drivers/STM32F3xx_HAL_Driver/Src/stm32f3xx_hal_rcc_ex.o
 .debug_aranges
                0x00000000000007f8      0x3e0 Drivers/STM32F3xx_HAL_Driver/Src/stm32f3xx_hal_tim.o
 .debug_aranges
                0x0000000000000bd8      0x178 Drivers/STM32F3xx_HAL_Driver/Src/stm32f3xx_hal_tim_ex.o
 .debug_aranges
                0x0000000000000d50      0x228 Drivers/STM32F3xx_HAL_Driver/Src/stm32f3xx_hal_uart.o

.debug_ranges   0x0000000000000000      0xe30
 .debug_ranges  0x0000000000000000       0x20 Core/Inc/Application/Application.o
 .debug_ranges  0x0000000000000020       0x28 Core/Inc/CAN/CAN.o
 .debug_ranges  0x0000000000000048       0x38 Core/Inc/Motor/Motor.o
 .debug_ranges  0x0000000000000080       0x20 Core/Src/can.o
 .debug_ranges  0x00000000000000a0       0x10 Core/Src/gpio.o
 .debug_ranges  0x00000000000000b0       0x70 Core/Src/main.o
 .debug_ranges  0x0000000000000120       0x18 Core/Src/scanf.o
 .debug_ranges  0x0000000000000138       0x10 Core/Src/stm32f3xx_hal_msp.o
 .debug_ranges  0x0000000000000148       0x68 Core/Src/stm32f3xx_it.o
 .debug_ranges  0x00000000000001b0       0x98 Core/Src/syscalls.o
 .debug_ranges  0x0000000000000248       0x10 Core/Src/sysmem.o
 .debug_ranges  0x0000000000000258       0x18 Core/Src/system_stm32f3xx.o
 .debug_ranges  0x0000000000000270       0x30 Core/Src/tim.o
 .debug_ranges  0x00000000000002a0       0x20 Core/Src/usart.o
 .debug_ranges  0x00000000000002c0       0x20 Core/Startup/startup_stm32f303k8tx.o
 .debug_ranges  0x00000000000002e0       0xd0 Drivers/STM32F3xx_HAL_Driver/Src/stm32f3xx_hal.o
 .debug_ranges  0x00000000000003b0      0x128 Drivers/STM32F3xx_HAL_Driver/Src/stm32f3xx_hal_can.o
 .debug_ranges  0x00000000000004d8       0xf0 Drivers/STM32F3xx_HAL_Driver/Src/stm32f3xx_hal_cortex.o
 .debug_ranges  0x00000000000005c8       0x48 Drivers/STM32F3xx_HAL_Driver/Src/stm32f3xx_hal_gpio.o
 .debug_ranges  0x0000000000000610       0x78 Drivers/STM32F3xx_HAL_Driver/Src/stm32f3xx_hal_rcc.o
 .debug_ranges  0x0000000000000688       0x28 Drivers/STM32F3xx_HAL_Driver/Src/stm32f3xx_hal_rcc_ex.o
 .debug_ranges  0x00000000000006b0      0x3d0 Drivers/STM32F3xx_HAL_Driver/Src/stm32f3xx_hal_tim.o
 .debug_ranges  0x0000000000000a80      0x168 Drivers/STM32F3xx_HAL_Driver/Src/stm32f3xx_hal_tim_ex.o
 .debug_ranges  0x0000000000000be8      0x248 Drivers/STM32F3xx_HAL_Driver/Src/stm32f3xx_hal_uart.o

.debug_macro    0x0000000000000000    0x1fcef
 .debug_macro   0x0000000000000000      0x223 Core/Inc/Application/Application.o
 .debug_macro   0x0000000000000223      0xb2c Core/Inc/Application/Application.o
 .debug_macro   0x0000000000000d4f       0x2e Core/Inc/Application/Application.o
 .debug_macro   0x0000000000000d7d       0x28 Core/Inc/Application/Application.o
 .debug_macro   0x0000000000000da5       0x1c Core/Inc/Application/Application.o
 .debug_macro   0x0000000000000dc1       0x22 Core/Inc/Application/Application.o
 .debug_macro   0x0000000000000de3       0x8e Core/Inc/Application/Application.o
 .debug_macro   0x0000000000000e71       0x51 Core/Inc/Application/Application.o
 .debug_macro   0x0000000000000ec2       0xef Core/Inc/Application/Application.o
 .debug_macro   0x0000000000000fb1       0x6a Core/Inc/Application/Application.o
 .debug_macro   0x000000000000101b      0x1df Core/Inc/Application/Application.o
 .debug_macro   0x00000000000011fa       0x1c Core/Inc/Application/Application.o
 .debug_macro   0x0000000000001216       0x22 Core/Inc/Application/Application.o
 .debug_macro   0x0000000000001238       0xdf Core/Inc/Application/Application.o
 .debug_macro   0x0000000000001317      0xf07 Core/Inc/Application/Application.o
 .debug_macro   0x000000000000221e    0x10bd9 Core/Inc/Application/Application.o
 .debug_macro   0x0000000000012df7       0x43 Core/Inc/Application/Application.o
 .debug_macro   0x0000000000012e3a      0x15d Core/Inc/Application/Application.o
 .debug_macro   0x0000000000012f97     0x35e9 Core/Inc/Application/Application.o
 .debug_macro   0x0000000000016580      0x17b Core/Inc/Application/Application.o
 .debug_macro   0x00000000000166fb       0x55 Core/Inc/Application/Application.o
 .debug_macro   0x0000000000016750      0x8f9 Core/Inc/Application/Application.o
 .debug_macro   0x0000000000017049      0x304 Core/Inc/Application/Application.o
 .debug_macro   0x000000000001734d      0x12f Core/Inc/Application/Application.o
 .debug_macro   0x000000000001747c      0x11b Core/Inc/Application/Application.o
 .debug_macro   0x0000000000017597      0x1d5 Core/Inc/Application/Application.o
 .debug_macro   0x000000000001776c      0x1bc Core/Inc/Application/Application.o
 .debug_macro   0x0000000000017928       0x34 Core/Inc/Application/Application.o
 .debug_macro   0x000000000001795c       0x3c Core/Inc/Application/Application.o
 .debug_macro   0x0000000000017998       0x57 Core/Inc/Application/Application.o
 .debug_macro   0x00000000000179ef      0x408 Core/Inc/Application/Application.o
 .debug_macro   0x0000000000017df7       0xc5 Core/Inc/Application/Application.o
 .debug_macro   0x0000000000017ebc      0x19f Core/Inc/Application/Application.o
 .debug_macro   0x000000000001805b      0x22c Core/Inc/Application/Application.o
 .debug_macro   0x0000000000018287       0x5b Core/Inc/Application/Application.o
 .debug_macro   0x00000000000182e2       0xa5 Core/Inc/Application/Application.o
 .debug_macro   0x0000000000018387       0x81 Core/Inc/Application/Application.o
 .debug_macro   0x0000000000018408       0xd3 Core/Inc/Application/Application.o
 .debug_macro   0x00000000000184db      0xa3d Core/Inc/Application/Application.o
 .debug_macro   0x0000000000018f18       0x59 Core/Inc/Application/Application.o
 .debug_macro   0x0000000000018f71      0x5a5 Core/Inc/Application/Application.o
 .debug_macro   0x0000000000019516       0x44 Core/Inc/Application/Application.o
 .debug_macro   0x000000000001955a      0x285 Core/Inc/Application/Application.o
 .debug_macro   0x00000000000197df       0x22 Core/Inc/Application/Application.o
 .debug_macro   0x0000000000019801       0x16 Core/Inc/Application/Application.o
 .debug_macro   0x0000000000019817      0x392 Core/Inc/CAN/CAN.o
 .debug_macro   0x0000000000019ba9       0x46 Core/Inc/CAN/CAN.o
 .debug_macro   0x0000000000019bef       0x18 Core/Inc/CAN/CAN.o
 .debug_macro   0x0000000000019c07       0x3c Core/Inc/CAN/CAN.o
 .debug_macro   0x0000000000019c43       0x34 Core/Inc/CAN/CAN.o
 .debug_macro   0x0000000000019c77       0x16 Core/Inc/CAN/CAN.o
 .debug_macro   0x0000000000019c8d       0x35 Core/Inc/CAN/CAN.o
 .debug_macro   0x0000000000019cc2      0x34d Core/Inc/CAN/CAN.o
 .debug_macro   0x000000000001a00f       0x10 Core/Inc/CAN/CAN.o
 .debug_macro   0x000000000001a01f       0x52 Core/Inc/CAN/CAN.o
 .debug_macro   0x000000000001a071       0x1f Core/Inc/CAN/CAN.o
 .debug_macro   0x000000000001a090       0x43 Core/Inc/CAN/CAN.o
 .debug_macro   0x000000000001a0d3       0x20 Core/Inc/CAN/CAN.o
 .debug_macro   0x000000000001a0f3      0x1a3 Core/Inc/CAN/CAN.o
 .debug_macro   0x000000000001a296       0x10 Core/Inc/CAN/CAN.o
 .debug_macro   0x000000000001a2a6       0x1c Core/Inc/CAN/CAN.o
 .debug_macro   0x000000000001a2c2       0x52 Core/Inc/CAN/CAN.o
 .debug_macro   0x000000000001a314       0x40 Core/Inc/CAN/CAN.o
 .debug_macro   0x000000000001a354       0x10 Core/Inc/CAN/CAN.o
 .debug_macro   0x000000000001a364       0x40 Core/Inc/CAN/CAN.o
 .debug_macro   0x000000000001a3a4       0xd7 Core/Inc/CAN/CAN.o
 .debug_macro   0x000000000001a47b       0x1c Core/Inc/CAN/CAN.o
 .debug_macro   0x000000000001a497       0x3d Core/Inc/CAN/CAN.o
 .debug_macro   0x000000000001a4d4       0x16 Core/Inc/CAN/CAN.o
 .debug_macro   0x000000000001a4ea      0x137 Core/Inc/CAN/CAN.o
 .debug_macro   0x000000000001a621      0x1f2 Core/Inc/Motor/Motor.o
 .debug_macro   0x000000000001a813      0x1e9 Core/Src/can.o
 .debug_macro   0x000000000001a9fc      0xa5a Core/Src/can.o
 .debug_macro   0x000000000001b456      0xf07 Core/Src/can.o
 .debug_macro   0x000000000001c35d      0x174 Core/Src/can.o
 .debug_macro   0x000000000001c4d1       0x1c Core/Src/can.o
 .debug_macro   0x000000000001c4ed      0x1e9 Core/Src/gpio.o
 .debug_macro   0x000000000001c6d6      0x248 Core/Src/main.o
 .debug_macro   0x000000000001c91e      0x34f Core/Src/scanf.o
 .debug_macro   0x000000000001cc6d       0x34 Core/Src/scanf.o
 .debug_macro   0x000000000001cca1       0x35 Core/Src/scanf.o
 .debug_macro   0x000000000001ccd6      0x32a Core/Src/scanf.o
 .debug_macro   0x000000000001d000       0x43 Core/Src/scanf.o
 .debug_macro   0x000000000001d043      0x145 Core/Src/scanf.o
 .debug_macro   0x000000000001d188      0x1df Core/Src/stm32f3xx_hal_msp.o
 .debug_macro   0x000000000001d367      0x1e9 Core/Src/stm32f3xx_it.o
 .debug_macro   0x000000000001d550      0x243 Core/Src/syscalls.o
 .debug_macro   0x000000000001d793       0x40 Core/Src/syscalls.o
 .debug_macro   0x000000000001d7d3       0x94 Core/Src/syscalls.o
 .debug_macro   0x000000000001d867       0x57 Core/Src/syscalls.o
 .debug_macro   0x000000000001d8be      0x330 Core/Src/syscalls.o
 .debug_macro   0x000000000001dbee       0x10 Core/Src/syscalls.o
 .debug_macro   0x000000000001dbfe       0x10 Core/Src/syscalls.o
 .debug_macro   0x000000000001dc0e       0x10 Core/Src/syscalls.o
 .debug_macro   0x000000000001dc1e       0x35 Core/Src/syscalls.o
 .debug_macro   0x000000000001dc53      0x122 Core/Src/syscalls.o
 .debug_macro   0x000000000001dd75       0x16 Core/Src/syscalls.o
 .debug_macro   0x000000000001dd8b       0x16 Core/Src/syscalls.o
 .debug_macro   0x000000000001dda1       0x29 Core/Src/syscalls.o
 .debug_macro   0x000000000001ddca       0x10 Core/Src/syscalls.o
 .debug_macro   0x000000000001ddda      0x241 Core/Src/syscalls.o
 .debug_macro   0x000000000001e01b       0x1c Core/Src/syscalls.o
 .debug_macro   0x000000000001e037       0x10 Core/Src/syscalls.o
 .debug_macro   0x000000000001e047      0x189 Core/Src/syscalls.o
 .debug_macro   0x000000000001e1d0       0x16 Core/Src/syscalls.o
 .debug_macro   0x000000000001e1e6       0x88 Core/Src/syscalls.o
 .debug_macro   0x000000000001e26e      0x1ae Core/Src/sysmem.o
 .debug_macro   0x000000000001e41c      0x23b Core/Src/sysmem.o
 .debug_macro   0x000000000001e657      0x1d0 Core/Src/system_stm32f3xx.o
 .debug_macro   0x000000000001e827      0x1e9 Core/Src/tim.o
 .debug_macro   0x000000000001ea10      0x1e9 Core/Src/usart.o
 .debug_macro   0x000000000001ebf9      0x1f4 Drivers/STM32F3xx_HAL_Driver/Src/stm32f3xx_hal.o
 .debug_macro   0x000000000001eded      0x1d8 Drivers/STM32F3xx_HAL_Driver/Src/stm32f3xx_hal_can.o
 .debug_macro   0x000000000001efc5      0x1d0 Drivers/STM32F3xx_HAL_Driver/Src/stm32f3xx_hal_cortex.o
 .debug_macro   0x000000000001f195      0x208 Drivers/STM32F3xx_HAL_Driver/Src/stm32f3xx_hal_gpio.o
 .debug_macro   0x000000000001f39d      0x1f4 Drivers/STM32F3xx_HAL_Driver/Src/stm32f3xx_hal_rcc.o
 .debug_macro   0x000000000001f591      0x1d0 Drivers/STM32F3xx_HAL_Driver/Src/stm32f3xx_hal_rcc_ex.o
 .debug_macro   0x000000000001f761      0x1d1 Drivers/STM32F3xx_HAL_Driver/Src/stm32f3xx_hal_tim.o
 .debug_macro   0x000000000001f932      0x1d0 Drivers/STM32F3xx_HAL_Driver/Src/stm32f3xx_hal_tim_ex.o
 .debug_macro   0x000000000001fb02      0x1ed Drivers/STM32F3xx_HAL_Driver/Src/stm32f3xx_hal_uart.o

.debug_line     0x0000000000000000     0xf125
 .debug_line    0x0000000000000000      0x79a Core/Inc/Application/Application.o
 .debug_line    0x000000000000079a      0x95a Core/Inc/CAN/CAN.o
 .debug_line    0x00000000000010f4      0x77b Core/Inc/Motor/Motor.o
 .debug_line    0x000000000000186f      0x70d Core/Src/can.o
 .debug_line    0x0000000000001f7c      0x6da Core/Src/gpio.o
 .debug_line    0x0000000000002656      0x88b Core/Src/main.o
 .debug_line    0x0000000000002ee1      0x8b0 Core/Src/scanf.o
 .debug_line    0x0000000000003791      0x6d0 Core/Src/stm32f3xx_hal_msp.o
 .debug_line    0x0000000000003e61      0x7aa Core/Src/stm32f3xx_it.o
 .debug_line    0x000000000000460b      0x711 Core/Src/syscalls.o
 .debug_line    0x0000000000004d1c      0x531 Core/Src/sysmem.o
 .debug_line    0x000000000000524d      0x6ed Core/Src/system_stm32f3xx.o
 .debug_line    0x000000000000593a      0x766 Core/Src/tim.o
 .debug_line    0x00000000000060a0      0x706 Core/Src/usart.o
 .debug_line    0x00000000000067a6       0x88 Core/Startup/startup_stm32f303k8tx.o
 .debug_line    0x000000000000682e      0x8ab Drivers/STM32F3xx_HAL_Driver/Src/stm32f3xx_hal.o
 .debug_line    0x00000000000070d9      0xb77 Drivers/STM32F3xx_HAL_Driver/Src/stm32f3xx_hal_can.o
 .debug_line    0x0000000000007c50      0x982 Drivers/STM32F3xx_HAL_Driver/Src/stm32f3xx_hal_cortex.o
 .debug_line    0x00000000000085d2      0x84a Drivers/STM32F3xx_HAL_Driver/Src/stm32f3xx_hal_gpio.o
 .debug_line    0x0000000000008e1c      0xe23 Drivers/STM32F3xx_HAL_Driver/Src/stm32f3xx_hal_rcc.o
 .debug_line    0x0000000000009c3f      0x878 Drivers/STM32F3xx_HAL_Driver/Src/stm32f3xx_hal_rcc_ex.o
 .debug_line    0x000000000000a4b7     0x2628 Drivers/STM32F3xx_HAL_Driver/Src/stm32f3xx_hal_tim.o
 .debug_line    0x000000000000cadf     0x1456 Drivers/STM32F3xx_HAL_Driver/Src/stm32f3xx_hal_tim_ex.o
 .debug_line    0x000000000000df35     0x11f0 Drivers/STM32F3xx_HAL_Driver/Src/stm32f3xx_hal_uart.o

.debug_str      0x0000000000000000    0xa9111
 .debug_str     0x0000000000000000    0x9fde2 Core/Inc/Application/Application.o
                                      0xa02ec (size before relaxing)
 .debug_str     0x000000000009fde2     0x4533 Core/Inc/CAN/CAN.o
                                      0xa45ba (size before relaxing)
 .debug_str     0x00000000000a4315       0x9c Core/Inc/Motor/Motor.o
                                      0x9ffbe (size before relaxing)
 .debug_str     0x00000000000a43b1      0x4e3 Core/Src/can.o
                                      0x9f926 (size before relaxing)
 .debug_str     0x00000000000a4894       0x2a Core/Src/gpio.o
                                      0x9f375 (size before relaxing)
 .debug_str     0x00000000000a48be      0x548 Core/Src/main.o
                                      0xa0b32 (size before relaxing)
 .debug_str     0x00000000000a4e06      0x181 Core/Src/scanf.o
                                      0xa37ba (size before relaxing)
 .debug_str     0x00000000000a4f87       0x2c Core/Src/stm32f3xx_hal_msp.o
                                      0x9f2da (size before relaxing)
 .debug_str     0x00000000000a4fb3       0xe3 Core/Src/stm32f3xx_it.o
                                      0x9f5e9 (size before relaxing)
 .debug_str     0x00000000000a5096     0x11f8 Core/Src/syscalls.o
                                       0x8894 (size before relaxing)
 .debug_str     0x00000000000a628e       0x36 Core/Src/sysmem.o